<html>
<body>
<pre>
<h1>µVision Build Log</h1>
<h2>Tool Versions:</h2>
IDE-Version: µVision V5.32.0.0
Copyright (C) 2020 ARM Ltd and ARM Germany GmbH. All rights reserved.
License Information: D L, A, LIC=IK1BF-6DVXU-UHA8H-WFDGM-5LI2G-NIC7V
 
Tool Versions:
Toolchain:       MDK-ARM Plus  Version: 5.32.0.0
Toolchain Path:  C:\Keil_v5\ARM\ARMCC\Bin
C Compiler:      Armcc.exe V5.06 update 7 (build 960)
Assembler:       Armasm.exe V5.06 update 7 (build 960)
Linker/Locator:  ArmLink.exe V5.06 update 7 (build 960)
Library Manager: ArmAr.exe V5.06 update 7 (build 960)
Hex Converter:   FromElf.exe V5.06 update 7 (build 960)
CPU DLL:         SARMCM3.DLL V5.32.0.0
Dialog DLL:      DCM.DLL V1.17.3.0
Target DLL:      STLink\ST-LINKIII-KEIL_SWO.dll V3.0.8.0
Dialog DLL:      TCM.DLL V1.46.0.0
 
<h2>Project:</h2>
C:\projects\combined_project_lisin_roma\MDK-ARM\combined_project_lisin_roma.uvprojx
Project File Date:  07/18/2023

<h2>Output:</h2>
*** Using Compiler 'V5.06 update 7 (build 960)', folder: 'C:\Keil_v5\ARM\ARMCC\Bin'
Rebuild target 'combined_project_lisin_roma'
assembling startup_stm32f105xc.s...
compiling spi.c...
compiling stm32f1xx_it.c...
compiling 45dbxx.c...
compiling stm32f1xx_hal_msp.c...
compiling StorageMode.c...
compiling ringfs.c...
compiling usbd_desc.c...
compiling usart.c...
compiling usbd_storage_if.c...
compiling usb_device.c...
compiling main.c...
../Core/Src/main.c(108): warning:  #177-D: variable "main_test_buffer"  was declared but never referenced
  	uint8_t main_test_buffer[] = "This is a test string of a size 95 and I have to fill the rest of it with some senseless garbage";
../Core/Src/main.c(109): warning:  #177-D: variable "second_test_buffer"  was declared but never referenced
  	uint8_t second_test_buffer[]="ALso is another test string of a size 95, I hope...or not really...ok lets write more garbagezlo";
../Core/Src/main.c(110): warning:  #177-D: variable "third_test_buffer"  was declared but never referenced
  	uint8_t third_test_buffer[] ="Tyger Tyger, burning bright,In the forests of the nightWhat immortal hand or eye,could frame thy";
../Core/Src/main.c: 3 warnings, 0 errors
compiling gpio.c...
compiling camera.c...
compiling filesys.c...
compiling emfat.c...
compiling stm32f1xx_hal_gpio_ex.c...
compiling stm32f1xx_hal_pcd_ex.c...
compiling stm32f1xx_hal.c...
compiling stm32f1xx_hal_pcd.c...
compiling stm32f1xx_hal_rcc.c...
compiling stm32f1xx_hal_dma.c...
compiling stm32f1xx_hal_pwr.c...
compiling usbd_conf.c...
compiling stm32f1xx_ll_usb.c...
compiling stm32f1xx_hal_cortex.c...
compiling stm32f1xx_hal_flash_ex.c...
compiling stm32f1xx_hal_gpio.c...
compiling stm32f1xx_hal_flash.c...
compiling stm32f1xx_hal_rcc_ex.c...
compiling stm32f1xx_hal_exti.c...
compiling system_stm32f1xx.c...
compiling syscall.c...
compiling unicode.c...
compiling usbd_ctlreq.c...
compiling usbd_ioreq.c...
compiling ff.c...
compiling stm32f1xx_hal_tim_ex.c...
compiling usbd_msc.c...
compiling usbd_msc_data.c...
compiling stm32f1xx_hal_uart.c...
compiling tm_stm32_fatfs.c...
compiling stm32f1xx_hal_tim.c...
compiling stm32f1xx_hal_spi.c...
compiling usbd_core.c...
compiling usbd_msc_scsi.c...
compiling usbd_msc_bot.c...
compiling diskio.c...
compiling fatfs_sd.c...
linking...
Program Size: Code=62214 RO-data=3138 RW-data=22984 ZI-data=29912  
FromELF: creating hex file...
"combined_project_lisin_roma\combined_project_lisin_roma.axf" - 0 Error(s), 3 Warning(s).

<h2>Software Packages used:</h2>

Package Vendor: ARM
                http://www.keil.com/pack/ARM.CMSIS.5.9.0.pack
                ARM.CMSIS.5.9.0
                CMSIS (Common Microcontroller Software Interface Standard)
   * Component: CORE Version: 5.6.0

Package Vendor: Keil
                http://www.keil.com/pack/Keil.STM32F1xx_DFP.2.4.0.pack
                Keil.STM32F1xx_DFP.2.4.0
                STMicroelectronics STM32F1 Series Device Support, Drivers and Examples

<h2>Collection of Component include folders:</h2>
  .\RTE\_combined_project_lisin_roma
  C:\Users\Lisin\AppData\Local\Arm\Packs\ARM\CMSIS\5.9.0\CMSIS\Core\Include
  C:\Users\Lisin\AppData\Local\Arm\Packs\Keil\STM32F1xx_DFP\2.4.0\Device\Include

<h2>Collection of Component Files used:</h2>

   * Component: ARM::CMSIS:CORE:5.6.0
Build Time Elapsed:  00:00:12
</pre>
</body>
</html>
