Component: ARM Compiler 5.06 update 7 (build 960) Tool: armlink [4d3601]

==============================================================================

Section Cross References

    startup_stm32f105xc.o(STACK) refers (Special) to heapauxi.o(.text) for __use_two_region_memory
    startup_stm32f105xc.o(HEAP) refers (Special) to heapauxi.o(.text) for __use_two_region_memory
    startup_stm32f105xc.o(RESET) refers (Special) to heapauxi.o(.text) for __use_two_region_memory
    startup_stm32f105xc.o(RESET) refers to startup_stm32f105xc.o(STACK) for __initial_sp
    startup_stm32f105xc.o(RESET) refers to startup_stm32f105xc.o(.text) for Reset_Handler
    startup_stm32f105xc.o(RESET) refers to stm32f1xx_it.o(i.NMI_Handler) for NMI_Handler
    startup_stm32f105xc.o(RESET) refers to stm32f1xx_it.o(i.HardFault_Handler) for HardFault_Handler
    startup_stm32f105xc.o(RESET) refers to stm32f1xx_it.o(i.MemManage_Handler) for MemManage_Handler
    startup_stm32f105xc.o(RESET) refers to stm32f1xx_it.o(i.BusFault_Handler) for BusFault_Handler
    startup_stm32f105xc.o(RESET) refers to stm32f1xx_it.o(i.UsageFault_Handler) for UsageFault_Handler
    startup_stm32f105xc.o(RESET) refers to stm32f1xx_it.o(i.SVC_Handler) for SVC_Handler
    startup_stm32f105xc.o(RESET) refers to stm32f1xx_it.o(i.DebugMon_Handler) for DebugMon_Handler
    startup_stm32f105xc.o(RESET) refers to stm32f1xx_it.o(i.PendSV_Handler) for PendSV_Handler
    startup_stm32f105xc.o(RESET) refers to stm32f1xx_it.o(i.SysTick_Handler) for SysTick_Handler
    startup_stm32f105xc.o(RESET) refers to stm32f1xx_it.o(i.USART1_IRQHandler) for USART1_IRQHandler
    startup_stm32f105xc.o(RESET) refers to stm32f1xx_it.o(i.OTG_FS_IRQHandler) for OTG_FS_IRQHandler
    startup_stm32f105xc.o(.text) refers (Special) to heapauxi.o(.text) for __use_two_region_memory
    startup_stm32f105xc.o(.text) refers to system_stm32f1xx.o(i.SystemInit) for SystemInit
    startup_stm32f105xc.o(.text) refers to __main.o(!!!main) for __main
    startup_stm32f105xc.o(.text) refers to startup_stm32f105xc.o(HEAP) for Heap_Mem
    startup_stm32f105xc.o(.text) refers to startup_stm32f105xc.o(STACK) for Stack_Mem
    main.o(i.SystemClock_Config) refers to rt_memclr_w.o(.text) for __aeabi_memclr4
    main.o(i.SystemClock_Config) refers to stm32f1xx_hal_rcc.o(i.HAL_RCC_OscConfig) for HAL_RCC_OscConfig
    main.o(i.SystemClock_Config) refers to main.o(i.Error_Handler) for Error_Handler
    main.o(i.SystemClock_Config) refers to stm32f1xx_hal_rcc.o(i.HAL_RCC_ClockConfig) for HAL_RCC_ClockConfig
    main.o(i.SystemClock_Config) refers to stm32f1xx_hal_rcc_ex.o(i.HAL_RCCEx_PeriphCLKConfig) for HAL_RCCEx_PeriphCLKConfig
    main.o(i.at45_program) refers to 45dbxx.o(i.at45dbxx_program_byte) for at45dbxx_program_byte
    main.o(i.at45_program_slot) refers to 45dbxx.o(i.at45dbxx_program_byte) for at45dbxx_program_byte
    main.o(i.at45_sector_erase) refers to 45dbxx.o(i.at45dbxx_erase_page) for at45dbxx_erase_page
    main.o(i.main) refers to stm32f1xx_hal.o(i.HAL_Init) for HAL_Init
    main.o(i.main) refers to main.o(i.SystemClock_Config) for SystemClock_Config
    main.o(i.main) refers to gpio.o(i.MX_GPIO_Init) for MX_GPIO_Init
    main.o(i.main) refers to stm32f1xx_hal.o(i.HAL_Delay) for HAL_Delay
    main.o(i.main) refers to spi.o(i.MX_SPI1_Init) for MX_SPI1_Init
    main.o(i.main) refers to usart.o(i.MX_USART1_UART_Init) for MX_USART1_UART_Init
    main.o(i.main) refers to ringfs.o(i.ringfs_init) for ringfs_init
    main.o(i.main) refers to rt_memcpy_w.o(.text) for __aeabi_memcpy4
    main.o(i.main) refers to filesys.o(i.generate_fname) for generate_fname
    main.o(i.main) refers to filesys.o(i.initfilesystem) for initfilesystem
    main.o(i.main) refers to emfat.o(i.ascam_emfat_scan) for ascam_emfat_scan
    main.o(i.main) refers to emfat.o(i.emfat_init) for emfat_init
    main.o(i.main) refers to emfat.o(i.EMFAT_USB_DEVICE_Init) for EMFAT_USB_DEVICE_Init
    main.o(i.main) refers to camera.o(i.recive_cmd) for recive_cmd
    main.o(i.main) refers to main.o(.data) for magic_size_of_entry
    main.o(i.main) refers to ringfs.o(.bss) for ring_structure
    main.o(i.main) refers to main.o(.conststring) for .conststring
    main.o(i.main) refers to main.o(.bss) for entry_name_array
    main.o(i.main) refers to storagemode.o(.bss) for emfat
    main.o(.data) refers to main.o(i.at45_sector_erase) for at45_sector_erase
    main.o(.data) refers to main.o(i.at45_program) for at45_program
    main.o(.data) refers to main.o(i.at45_program_slot) for at45_program_slot
    main.o(.data) refers to main.o(i.at45_read) for at45_read
    main.o(.data) refers to emfat.o(i.readme_read_proc) for readme_read_proc
    main.o(.data) refers to main.o(.conststring) for .conststring
    gpio.o(i.MX_GPIO_Init) refers to stm32f1xx_hal_gpio.o(i.HAL_GPIO_WritePin) for HAL_GPIO_WritePin
    gpio.o(i.MX_GPIO_Init) refers to stm32f1xx_hal_gpio.o(i.HAL_GPIO_Init) for HAL_GPIO_Init
[...]
    _get_lc_numeric                          0x0800dfa9   Thumb Code    44  lc_numeric_c.o(locale$$code)
    __aeabi_d2f                              0x0800dfd5   Thumb Code     0  d2f.o(x$fpl$d2f)
    _d2f                                     0x0800dfd5   Thumb Code    98  d2f.o(x$fpl$d2f)
    __aeabi_dadd                             0x0800e039   Thumb Code     0  daddsub_clz.o(x$fpl$dadd)
    _dadd                                    0x0800e039   Thumb Code   332  daddsub_clz.o(x$fpl$dadd)
    __fpl_dcheck_NaN1                        0x0800e189   Thumb Code    10  dcheck1.o(x$fpl$dcheck1)
    __fpl_dcmp_Inf                           0x0800e199   Thumb Code    24  dcmpi.o(x$fpl$dcmpinf)
    __aeabi_ddiv                             0x0800e1b1   Thumb Code     0  ddiv.o(x$fpl$ddiv)
    _ddiv                                    0x0800e1b1   Thumb Code   552  ddiv.o(x$fpl$ddiv)
    __aeabi_cdcmpeq                          0x0800e461   Thumb Code     0  deqf.o(x$fpl$deqf)
    _dcmpeq                                  0x0800e461   Thumb Code   120  deqf.o(x$fpl$deqf)
    __aeabi_d2iz                             0x0800e4d9   Thumb Code     0  dfix.o(x$fpl$dfix)
    _dfix                                    0x0800e4d9   Thumb Code    94  dfix.o(x$fpl$dfix)
    __aeabi_i2d                              0x0800e537   Thumb Code     0  dflt_clz.o(x$fpl$dflt)
    _dflt                                    0x0800e537   Thumb Code    46  dflt_clz.o(x$fpl$dflt)
    __aeabi_ui2d                             0x0800e565   Thumb Code     0  dflt_clz.o(x$fpl$dfltu)
    _dfltu                                   0x0800e565   Thumb Code    38  dflt_clz.o(x$fpl$dfltu)
    __aeabi_cdcmple                          0x0800e58d   Thumb Code     0  dleqf.o(x$fpl$dleqf)
    _dcmple                                  0x0800e58d   Thumb Code   120  dleqf.o(x$fpl$dleqf)
    __fpl_dcmple_InfNaN                      0x0800e5ef   Thumb Code     0  dleqf.o(x$fpl$dleqf)
    __aeabi_dmul                             0x0800e605   Thumb Code     0  dmul.o(x$fpl$dmul)
    _dmul                                    0x0800e605   Thumb Code   332  dmul.o(x$fpl$dmul)
    __fpl_dnaninf                            0x0800e759   Thumb Code   156  dnaninf.o(x$fpl$dnaninf)
    __fpl_dretinf                            0x0800e7f5   Thumb Code    12  dretinf.o(x$fpl$dretinf)
    __aeabi_cdrcmple                         0x0800e801   Thumb Code     0  drleqf.o(x$fpl$drleqf)
    _drcmple                                 0x0800e801   Thumb Code   108  drleqf.o(x$fpl$drleqf)
    __aeabi_drsub                            0x0800e86d   Thumb Code     0  daddsub_clz.o(x$fpl$drsb)
    _drsb                                    0x0800e86d   Thumb Code    22  daddsub_clz.o(x$fpl$drsb)
    _dsqrt                                   0x0800e885   Thumb Code   456  dsqrt_noumaal.o(x$fpl$dsqrt)
    __aeabi_dsub                             0x0800ea51   Thumb Code     0  daddsub_clz.o(x$fpl$dsub)
    _dsub                                    0x0800ea51   Thumb Code   464  daddsub_clz.o(x$fpl$dsub)
    __aeabi_f2d                              0x0800ec25   Thumb Code     0  f2d.o(x$fpl$f2d)
    _f2d                                     0x0800ec25   Thumb Code    86  f2d.o(x$fpl$f2d)
    __aeabi_fadd                             0x0800ec7d   Thumb Code     0  faddsub_clz.o(x$fpl$fadd)
    _fadd                                    0x0800ec7d   Thumb Code   196  faddsub_clz.o(x$fpl$fadd)
    __fpl_fcmp_Inf                           0x0800ed41   Thumb Code    24  fcmpi.o(x$fpl$fcmpinf)
    __aeabi_fdiv                             0x0800ed59   Thumb Code     0  fdiv.o(x$fpl$fdiv)
    _fdiv                                    0x0800ed59   Thumb Code   384  fdiv.o(x$fpl$fdiv)
    __aeabi_cfcmpeq                          0x0800eedd   Thumb Code     0  feqf.o(x$fpl$feqf)
    _fcmpeq                                  0x0800eedd   Thumb Code   104  feqf.o(x$fpl$feqf)
    __aeabi_f2iz                             0x0800ef45   Thumb Code     0  ffix.o(x$fpl$ffix)
    _ffix                                    0x0800ef45   Thumb Code    54  ffix.o(x$fpl$ffix)
    __aeabi_f2uiz                            0x0800ef7d   Thumb Code     0  ffixu.o(x$fpl$ffixu)
    _ffixu                                   0x0800ef7d   Thumb Code    62  ffixu.o(x$fpl$ffixu)
    __aeabi_i2f                              0x0800efbd   Thumb Code     0  fflt_clz.o(x$fpl$fflt)
    _fflt                                    0x0800efbd   Thumb Code    48  fflt_clz.o(x$fpl$fflt)
    __aeabi_ui2f                             0x0800efed   Thumb Code     0  fflt_clz.o(x$fpl$ffltu)
    _ffltu                                   0x0800efed   Thumb Code    38  fflt_clz.o(x$fpl$ffltu)
    __aeabi_cfcmple                          0x0800f015   Thumb Code     0  fleqf.o(x$fpl$fleqf)
    _fcmple                                  0x0800f015   Thumb Code   104  fleqf.o(x$fpl$fleqf)
    __fpl_fcmple_InfNaN                      0x0800f067   Thumb Code     0  fleqf.o(x$fpl$fleqf)
    __aeabi_fmul                             0x0800f07d   Thumb Code     0  fmul.o(x$fpl$fmul)
    _fmul                                    0x0800f07d   Thumb Code   258  fmul.o(x$fpl$fmul)
    __fpl_fnaninf                            0x0800f17f   Thumb Code   140  fnaninf.o(x$fpl$fnaninf)
    __fpl_fretinf                            0x0800f20b   Thumb Code    10  fretinf.o(x$fpl$fretinf)
    __aeabi_cfrcmple                         0x0800f215   Thumb Code     0  frleqf.o(x$fpl$frleqf)
    _frcmple                                 0x0800f215   Thumb Code    98  frleqf.o(x$fpl$frleqf)
    __aeabi_fsub                             0x0800f279   Thumb Code     0  faddsub_clz.o(x$fpl$fsub)
    _fsub                                    0x0800f279   Thumb Code   234  faddsub_clz.o(x$fpl$fsub)
    _printf_fp_dec                           0x0800f363   Thumb Code     4  printf1.o(x$fpl$printf1)
    __fpl_return_NaN                         0x0800f367   Thumb Code   100  retnan.o(x$fpl$retnan)
    __ARM_scalbn                             0x0800f3cb   Thumb Code    92  scalbn.o(x$fpl$scalbn)
    __fpl_cmpreturn                          0x0800f427   Thumb Code    48  trapv.o(x$fpl$trapveneer)
    AHBPrescTable                            0x0800f456   Data          16  system_stm32f1xx.o(.constdata)
    __I$use$fp                               0x0800f456   Number         0  usenofp.o(x$fpl$usenofp)
    APBPrescTable                            0x0800f466   Data           8  system_stm32f1xx.o(.constdata)
    MSC_Page00_Inquiry_Data                  0x0800f46e   Data           7  usbd_msc_data.o(.constdata)
    MSC_Mode_Sense6_data                     0x0800f475   Data           8  usbd_msc_data.o(.constdata)
    MSC_Mode_Sense10_data                    0x0800f47d   Data           8  usbd_msc_data.o(.constdata)
    __mathlib_zero                           0x0800fa78   Data           8  qnan.o(.constdata)
    Region$$Table$$Base                      0x0800ff0c   Number         0  anon$$obj.o(Region$$Table)
    Region$$Table$$Limit                     0x0800ff2c   Number         0  anon$$obj.o(Region$$Table)
    global_head_increment                    0x20002b50   Data           2  emfat.o(.data)
    last_session_number                      0x20002b52   Data           1  emfat.o(.data)
    autorun_file                             0x20002b54   Data           4  emfat.o(.data)
    SECTOR_FREE                              0x20002b7c   Data           6  ringfs.o(.data)
    SECTOR_VALID                             0x20002b82   Data           6  ringfs.o(.data)
    SECTOR_GARBAGE                           0x20002b88   Data           6  ringfs.o(.data)
    SLOT_FREE                                0x20002b8e   Data           6  ringfs.o(.data)
    SLOT_VALID                               0x20002b94   Data           6  ringfs.o(.data)
    SLOT_GARBAGE                             0x20002b9a   Data           6  ringfs.o(.data)
    start_of_stm32                           0x20002ba0   Data           1  ringfs.o(.data)
    old_session                              0x20002ba1   Data           1  ringfs.o(.data)
    STORAGE_fops                             0x20004170   Data          32  storagemode.o(.data)
    shut_int_f1                              0x20004194   Data           4  camera.o(.data)
    shut_int_f2                              0x20004198   Data           4  camera.o(.data)
    start_shoot                              0x2000419c   Data           1  camera.o(.data)
    pwm_shoot                                0x2000419d   Data           1  camera.o(.data)
    foto_status                              0x2000419e   Data           1  camera.o(.data)
    intDist                                  0x200041a0   Data           4  camera.o(.data)
    last_intDist1                            0x200041a4   Data           4  camera.o(.data)
    last_intDist2                            0x200041a8   Data           4  camera.o(.data)
    Lat                                      0x200041ac   Data           4  camera.o(.data)
    Lng                                      0x200041b0   Data           4  camera.o(.data)
    lastLat                                  0x200041b4   Data           4  camera.o(.data)
    lastLng                                  0x200041b8   Data           4  camera.o(.data)
    decLat                                   0x200041bc   Data           4  camera.o(.data)
    decLng                                   0x200041c0   Data           4  camera.o(.data)
    Alt                                      0x200041c4   Data           4  camera.o(.data)
    rel_altt                                 0x200041c8   Data           4  camera.o(.data)
    roll                                     0x200041cc   Data           4  camera.o(.data)
    pitch                                    0x200041d0   Data           4  camera.o(.data)
    yaw                                      0x200041d4   Data           4  camera.o(.data)
    hour                                     0x200041d8   Data           4  camera.o(.data)
    min                                      0x200041dc   Data           4  camera.o(.data)
    sec                                      0x200041e0   Data           4  camera.o(.data)
    ms                                       0x200041e8   Data           8  camera.o(.data)
    utc_time                                 0x200041f0   Data           8  camera.o(.data)
    date                                     0x200041f8   Data           4  camera.o(.data)
    dat                                      0x200041fc   Data           4  camera.o(.data)
    month                                    0x20004200   Data           4  camera.o(.data)
    year                                     0x20004204   Data           4  camera.o(.data)
    jd                                       0x20004208   Data           8  camera.o(.data)
    jdn                                      0x20004210   Data           8  camera.o(.data)
    pdat                                     0x20004218   Data           4  camera.o(.data)
    count_timef1                             0x2000422c   Data           4  camera.o(.data)
    count_timef2                             0x20004230   Data           4  camera.o(.data)
    shoot1_time                              0x20004234   Data           4  camera.o(.data)
    shoot2_time                              0x20004238   Data           4  camera.o(.data)
    fres                                     0x200057e4   Data           1  filesys.o(.data)
    CardSize                                 0x200057e8   Data           8  filesys.o(.data)
    session                                  0x200057f0   Data           4  filesys.o(.data)
    FS_Desc                                  0x200057f8   Data          28  usbd_desc.o(.data)
    USBD_FS_DeviceDesc                       0x20005814   Data          18  usbd_desc.o(.data)
    USBD_LangIDDesc                          0x20005828   Data           4  usbd_desc.o(.data)
    USBD_StringSerial                        0x2000582c   Data          26  usbd_desc.o(.data)
    uwTick                                   0x20005848   Data           4  stm32f1xx_hal.o(.data)
    uwTickPrio                               0x2000584c   Data           4  stm32f1xx_hal.o(.data)
    uwTickFreq                               0x20005850   Data           1  stm32f1xx_hal.o(.data)
    SystemCoreClock                          0x20005854   Data           4  system_stm32f1xx.o(.data)
    USBD_MSC                                 0x20005864   Data          56  usbd_msc.o(.data)
    USBD_MSC_CfgHSDesc                       0x2000589c   Data          32  usbd_msc.o(.data)
    USBD_MSC_CfgFSDesc                       0x200058bc   Data          32  usbd_msc.o(.data)
    USBD_MSC_OtherSpeedCfgDesc               0x200058dc   Data          32  usbd_msc.o(.data)
    USBD_MSC_DeviceQualifierDesc             0x200058fc   Data          10  usbd_msc.o(.data)
    FATFS_LowLevelDrivers                    0x20005908   Data         180  diskio.o(.data)
    hspi1                                    0x200065c8   Data          88  spi.o(.bss)
    huart1                                   0x20006620   Data          64  usart.o(.bss)
    fs                                       0x20007260   Data          20  emfat.o(.bss)
    ring_structure                           0x20007544   Data          20  ringfs.o(.bss)
    emfat                                    0x20008158   Data          40  storagemode.o(.bss)
    RXBuffer                                 0x20008180   Data          32  camera.o(.bss)
    FS                                       0x20008da0   Data         584  filesys.o(.bss)
    fil                                      0x20008fe8   Data         592  filesys.o(.bss)
    buffer                                   0x20009238   Data          96  filesys.o(.bss)
    filename                                 0x20009298   Data          15  filesys.o(.bss)
    transformed_buffer_to_uint8_t            0x200092a7   Data          96  filesys.o(.bss)
    USBD_StrDesc                             0x20009308   Data         512  usbd_desc.o(.bss)
    hpcd_USB_OTG_FS                          0x20009508   Data        1024  usbd_conf.o(.bss)
    __libspace_start                         0x20009c3c   Data          96  libspace.o(.bss)
    __temporary_stack_top$libspace           0x20009c9c   Data           0  libspace.o(.bss)



==============================================================================

Memory Map of the image

  Image Entry point : 0x08000151

  Load Region LR_IROM1 (Base: 0x08000000, Size: 0x00015910, Max: 0x00040000, ABSOLUTE, COMPRESSED[0x000101dc])

    Execution Region ER_IROM1 (Exec base: 0x08000000, Load base: 0x08000000, Size: 0x0000ff48, Max: 0x00040000, ABSOLUTE)

    Exec Addr    Load Addr    Size         Type   Attr      Idx    E Section Name        Object

    0x08000000   0x08000000   0x00000150   Data   RO            3    RESET               startup_stm32f105xc.o
    0x08000150   0x08000150   0x00000008   Code   RO         5482  * !!!main             c_w.l(__main.o)
    0x08000158   0x08000158   0x00000034   Code   RO         5936    !!!scatter          c_w.l(__scatter.o)
    0x0800018c   0x0800018c   0x0000005a   Code   RO         5934    !!dczerorl2         c_w.l(__dczerorl2.o)
    0x080001e6   0x080001e6   0x00000002   PAD
    0x080001e8   0x080001e8   0x0000001c   Code   RO         5938    !!handler_zi        c_w.l(__scatter_zi.o)
    0x08000204   0x08000204   0x00000000   Code   RO         5459    .ARM.Collect$$_printf_percent$$00000000  c_w.l(_printf_percent.o)
    0x08000204   0x08000204   0x00000006   Code   RO         5458    .ARM.Collect$$_printf_percent$$00000003  c_w.l(_printf_f.o)
    0x0800020a   0x0800020a   0x00000006   Code   RO         5457    .ARM.Collect$$_printf_percent$$0000000A  c_w.l(_printf_u.o)
    0x08000210   0x08000210   0x00000004   Code   RO         5626    .ARM.Collect$$_printf_percent$$00000017  c_w.l(_printf_percent_end.o)
    0x08000214   0x08000214   0x00000002   Code   RO         5867    .ARM.Collect$$libinit$$00000000  c_w.l(libinit.o)
    0x08000216   0x08000216   0x00000000   Code   RO         5630    .ARM.Collect$$libinit$$00000002  c_w.l(libinit2.o)
    0x08000216   0x08000216   0x00000000   Code   RO         5632    .ARM.Collect$$libinit$$00000004  c_w.l(libinit2.o)
    0x08000216   0x08000216   0x00000008   Code   RO         5633    .ARM.Collect$$libinit$$00000005  c_w.l(libinit2.o)
    0x0800021e   0x0800021e   0x00000000   Code   RO         5635    .ARM.Collect$$libinit$$0000000A  c_w.l(libinit2.o)
    0x0800021e   0x0800021e   0x00000000   Code   RO         5637    .ARM.Collect$$libinit$$0000000C  c_w.l(libinit2.o)
    0x0800021e   0x0800021e   0x00000000   Code   RO         5639    .ARM.Collect$$libinit$$0000000E  c_w.l(libinit2.o)
    0x0800021e   0x0800021e   0x00000006   Code   RO         5640    .ARM.Collect$$libinit$$0000000F  c_w.l(libinit2.o)
    0x08000224   0x08000224   0x00000000   Code   RO         5642    .ARM.Collect$$libinit$$00000011  c_w.l(libinit2.o)
    0x08000224   0x08000224   0x00000000   Code   RO         5644    .ARM.Collect$$libinit$$00000013  c_w.l(libinit2.o)
    0x08000224   0x08000224   0x00000000   Code   RO         5646    .ARM.Collect$$libinit$$00000015  c_w.l(libinit2.o)
    0x08000224   0x08000224   0x0000000a   Code   RO         5647    .ARM.Collect$$libinit$$00000016  c_w.l(libinit2.o)
    0x0800022e   0x0800022e   0x00000000   Code   RO         5648    .ARM.Collect$$libinit$$00000017  c_w.l(libinit2.o)
    0x0800022e   0x0800022e   0x00000000   Code   RO         5650    .ARM.Collect$$libinit$$00000019  c_w.l(libinit2.o)
    0x0800022e   0x0800022e   0x00000000   Code   RO         5652    .ARM.Collect$$libinit$$0000001B  c_w.l(libinit2.o)
    0x0800022e   0x0800022e   0x00000000   Code   RO         5654    .ARM.Collect$$libinit$$0000001D  c_w.l(libinit2.o)
    0x0800022e   0x0800022e   0x00000000   Code   RO         5656    .ARM.Collect$$libinit$$0000001F  c_w.l(libinit2.o)
    0x0800022e   0x0800022e   0x00000000   Code   RO         5658    .ARM.Collect$$libinit$$00000021  c_w.l(libinit2.o)
    0x0800022e   0x0800022e   0x00000000   Code   RO         5660    .ARM.Collect$$libinit$$00000023  c_w.l(libinit2.o)
    0x0800022e   0x0800022e   0x00000000   Code   RO         5662    .ARM.Collect$$libinit$$00000025  c_w.l(libinit2.o)
    0x0800022e   0x0800022e   0x00000000   Code   RO         5666    .ARM.Collect$$libinit$$0000002C  c_w.l(libinit2.o)
    0x0800022e   0x0800022e   0x00000000   Code   RO         5668    .ARM.Collect$$libinit$$0000002E  c_w.l(libinit2.o)
    0x0800022e   0x0800022e   0x00000000   Code   RO         5670    .ARM.Collect$$libinit$$00000030  c_w.l(libinit2.o)
    0x0800022e   0x0800022e   0x00000000   Code   RO         5672    .ARM.Collect$$libinit$$00000032  c_w.l(libinit2.o)
    0x0800022e   0x0800022e   0x00000002   Code   RO         5673    .ARM.Collect$$libinit$$00000033  c_w.l(libinit2.o)
    0x08000230   0x08000230   0x00000002   Code   RO         5931    .ARM.Collect$$libshutdown$$00000000  c_w.l(libshutdown.o)
    0x08000232   0x08000232   0x00000000   Code   RO         5885    .ARM.Collect$$libshutdown$$00000002  c_w.l(libshutdown2.o)
    0x08000232   0x08000232   0x00000000   Code   RO         5887    .ARM.Collect$$libshutdown$$00000004  c_w.l(libshutdown2.o)
    0x08000232   0x08000232   0x00000000   Code   RO         5889    .ARM.Collect$$libshutdown$$00000006  c_w.l(libshutdown2.o)
    0x08000232   0x08000232   0x00000000   Code   RO         5892    .ARM.Collect$$libshutdown$$00000009  c_w.l(libshutdown2.o)
    0x08000232   0x08000232   0x00000000   Code   RO         5895    .ARM.Collect$$libshutdown$$0000000C  c_w.l(libshutdown2.o)
    0x08000232   0x08000232   0x00000000   Code   RO         5897    .ARM.Collect$$libshutdown$$0000000E  c_w.l(libshutdown2.o)
    0x08000232   0x08000232   0x00000000   Code   RO         5900    .ARM.Collect$$libshutdown$$00000011  c_w.l(libshutdown2.o)
    0x08000232   0x08000232   0x00000002   Code   RO         5901    .ARM.Collect$$libshutdown$$00000012  c_w.l(libshutdown2.o)
    0x08000234   0x08000234   0x00000000   Code   RO         5584    .ARM.Collect$$rtentry$$00000000  c_w.l(__rtentry.o)
    0x08000234   0x08000234   0x00000000   Code   RO         5748    .ARM.Collect$$rtentry$$00000002  c_w.l(__rtentry2.o)
    0x08000234   0x08000234   0x00000006   Code   RO         5760    .ARM.Collect$$rtentry$$00000004  c_w.l(__rtentry4.o)
    0x0800023a   0x0800023a   0x00000000   Code   RO         5750    .ARM.Collect$$rtentry$$00000009  c_w.l(__rtentry2.o)
    0x0800023a   0x0800023a   0x00000004   Code   RO         5751    .ARM.Collect$$rtentry$$0000000A  c_w.l(__rtentry2.o)
    0x0800023e   0x0800023e   0x00000000   Code   RO         5753    .ARM.Collect$$rtentry$$0000000C  c_w.l(__rtentry2.o)
    0x0800023e   0x0800023e   0x00000008   Code   RO         5754    .ARM.Collect$$rtentry$$0000000D  c_w.l(__rtentry2.o)
    0x08000246   0x08000246   0x00000002   Code   RO         5872    .ARM.Collect$$rtexit$$00000000  c_w.l(rtexit.o)
    0x08000248   0x08000248   0x00000000   Code   RO         5907    .ARM.Collect$$rtexit$$00000002  c_w.l(rtexit2.o)
    0x08000248   0x08000248   0x00000004   Code   RO         5908    .ARM.Collect$$rtexit$$00000003  c_w.l(rtexit2.o)
    0x0800024c   0x0800024c   0x00000006   Code   RO         5909    .ARM.Collect$$rtexit$$00000004  c_w.l(rtexit2.o)
    0x08000252   0x08000252   0x00000002   PAD
    0x08000254   0x08000254   0x00000000   Code   RO         5776    .emb_text           c_w.l(maybetermalloc1.o)
    0x08000254   0x08000254   0x00000040   Code   RO            4    .text               startup_stm32f105xc.o
    0x08000294   0x08000294   0x0000005e   Code   RO         5362    .text               c_w.l(h1_alloc.o)
    0x080002f2   0x080002f2   0x0000004e   Code   RO         5364    .text               c_w.l(h1_free.o)
    0x08000340   0x08000340   0x000000ee   Code   RO         5420    .text               c_w.l(lludivv7m.o)
    0x0800042e   0x0800042e   0x00000002   PAD
    0x08000430   0x08000430   0x00000028   Code   RO         5426    .text               c_w.l(noretval__2sprintf.o)
    0x08000458   0x08000458   0x0000004e   Code   RO         5430    .text               c_w.l(_printf_pad.o)
    0x080004a6   0x080004a6   0x00000002   PAD
    0x080004a8   0x080004a8   0x00000078   Code   RO         5434    .text               c_w.l(_printf_dec.o)
    0x08000520   0x08000520   0x00000138   Code   RO         5448    .text               c_w.l(__printf_flags_wp.o)
    0x08000658   0x08000658   0x00000024   Code   RO         5460    .text               c_w.l(strncat.o)
    0x0800067c   0x0800067c   0x00000048   Code   RO         5462    .text               c_w.l(strcpy.o)
    0x080006c4   0x080006c4   0x0000003e   Code   RO         5464    .text               c_w.l(strlen.o)
    0x08000702   0x08000702   0x00000018   Code   RO         5466    .text               c_w.l(strcat.o)
    0x0800071a   0x0800071a   0x0000008a   Code   RO         5468    .text               c_w.l(rt_memcpy_v6.o)
    0x080007a4   0x080007a4   0x00000064   Code   RO         5470    .text               c_w.l(rt_memcpy_w.o)
    0x08000808   0x08000808   0x00000010   Code   RO         5472    .text               c_w.l(aeabi_memset.o)
    0x08000818   0x08000818   0x00000044   Code   RO         5474    .text               c_w.l(rt_memclr.o)
    0x0800085c   0x0800085c   0x0000004e   Code   RO         5476    .text               c_w.l(rt_memclr_w.o)
    0x080008aa   0x080008aa   0x00000056   Code   RO         5478    .text               c_w.l(strncpy.o)
    0x08000900   0x08000900   0x00000006   Code   RO         5480    .text               c_w.l(heapauxi.o)
    0x08000906   0x08000906   0x00000002   PAD
    0x08000908   0x08000908   0x00000008   Code   RO         5592    .text               c_w.l(rt_heap_descriptor_intlibspace.o)
    0x08000910   0x08000910   0x00000004   Code   RO         5594    .text               c_w.l(hguard.o)
    0x08000914   0x08000914   0x0000008a   Code   RO         5596    .text               c_w.l(init_alloc.o)
    0x0800099e   0x0800099e   0x0000000e   Code   RO         5600    .text               c_w.l(h1_init.o)
    0x080009ac   0x080009ac   0x00000016   Code   RO         5614    .text               c_w.l(_rserrno.o)
    0x080009c2   0x080009c2   0x000000b2   Code   RO         5616    .text               c_w.l(_printf_intcommon.o)
    0x08000a74   0x08000a74   0x0000041e   Code   RO         5618    .text               c_w.l(_printf_fp_dec.o)
    0x08000e92   0x08000e92   0x00000002   PAD
    0x08000e94   0x08000e94   0x00000030   Code   RO         5620    .text               c_w.l(_printf_char_common.o)
    0x08000ec4   0x08000ec4   0x0000000a   Code   RO         5622    .text               c_w.l(_sputc.o)
    0x08000ece   0x08000ece   0x00000002   PAD
    0x08000ed0   0x08000ed0   0x00000008   Code   RO         5744    .text               c_w.l(libspace.o)
    0x08000ed8   0x08000ed8   0x00000008   Code   RO         5767    .text               c_w.l(rt_locale_intlibspace.o)
    0x08000ee0   0x08000ee0   0x00000008   Code   RO         5772    .text               c_w.l(rt_errno_addr_intlibspace.o)
    0x08000ee8   0x08000ee8   0x00000034   Code   RO         5778    .text               c_w.l(h1_extend.o)
    0x08000f1c   0x08000f1c   0x0000008a   Code   RO         5782    .text               c_w.l(lludiv10.o)
    0x08000fa6   0x08000fa6   0x00000002   PAD
    0x08000fa8   0x08000fa8   0x00000080   Code   RO         5784    .text               c_w.l(_printf_fp_infnan.o)
    0x08001028   0x08001028   0x000000e4   Code   RO         5788    .text               c_w.l(bigflt0.o)
    0x0800110c   0x0800110c   0x0000000e   Code   RO         5816    .text               c_w.l(defsig_rtmem_outer.o)
    0x0800111a   0x0800111a   0x00000002   Code   RO         5837    .text               c_w.l(use_no_semi.o)
    0x0800111c   0x0800111c   0x00000000   Code   RO         5839    .text               c_w.l(indicate_semi.o)
    0x0800111c   0x0800111c   0x0000004a   Code   RO         5840    .text               c_w.l(sys_stackheap_outer.o)
    0x08001166   0x08001166   0x00000012   Code   RO         5846    .text               c_w.l(exit.o)
    0x08001178   0x08001178   0x0000000a   Code   RO         5848    .text               c_w.l(defsig_exit.o)
    0x08001182   0x08001182   0x00000002   PAD
    0x08001184   0x08001184   0x00000050   Code   RO         5854    .text               c_w.l(defsig_rtmem_inner.o)
    0x080011d4   0x080011d4   0x00000080   Code   RO         5856    .text               c_w.l(strcmpv7m.o)
    0x08001254   0x08001254   0x0000000c   Code   RO         5870    .text               c_w.l(sys_exit.o)
    0x08001260   0x08001260   0x00000032   Code   RO         5880    .text               c_w.l(defsig_general.o)
    0x08001292   0x08001292   0x0000000e   Code   RO         5904    .text               c_w.l(sys_wrch.o)
    0x080012a0   0x080012a0   0x0000003e   Code   RO         5791    CL$$btod_d2e        c_w.l(btod.o)
    0x080012de   0x080012de   0x00000046   Code   RO         5793    CL$$btod_d2e_denorm_low  c_w.l(btod.o)
    0x08001324   0x08001324   0x00000060   Code   RO         5792    CL$$btod_d2e_norm_op1  c_w.l(btod.o)
    0x08001384   0x08001384   0x00000338   Code   RO         5801    CL$$btod_div_common  c_w.l(btod.o)
    0x080016bc   0x080016bc   0x000000dc   Code   RO         5798    CL$$btod_e2e        c_w.l(btod.o)
    0x08001798   0x08001798   0x0000002a   Code   RO         5795    CL$$btod_ediv       c_w.l(btod.o)
    0x080017c2   0x080017c2   0x0000002a   Code   RO         5794    CL$$btod_emul       c_w.l(btod.o)
    0x080017ec   0x080017ec   0x00000244   Code   RO         5800    CL$$btod_mult_common  c_w.l(btod.o)
    0x08001a30   0x08001a30   0x00000004   Code   RO          375    i.BusFault_Handler  stm32f1xx_it.o
    0x08001a34   0x08001a34   0x00000002   Code   RO          376    i.DebugMon_Handler  stm32f1xx_it.o
    0x08001a36   0x08001a36   0x00000002   PAD
    0x08001a38   0x08001a38   0x0000004c   Code   RO          610    i.EMFAT_USB_DEVICE_Init  emfat.o
    0x08001a84   0x08001a84   0x00000006   Code   RO           13    i.Error_Handler     main.o
    0x08001a8a   0x08001a8a   0x00000002   PAD
    0x08001a8c   0x08001a8c   0x00000034   Code   RO         1207    i.Get_SerialNum     usbd_desc.o
    0x08001ac0   0x08001ac0   0x000001a8   Code   RO         2576    i.HAL_DMA_Abort_IT  stm32f1xx_hal_dma.o
    0x08001c68   0x08001c68   0x00000028   Code   RO         2174    i.HAL_Delay         stm32f1xx_hal.o
    0x08001c90   0x08001c90   0x00000320   Code   RO         2511    i.HAL_GPIO_Init     stm32f1xx_hal_gpio.o
    0x08001fb0   0x08001fb0   0x00000010   Code   RO         2513    i.HAL_GPIO_ReadPin  stm32f1xx_hal_gpio.o
    0x08001fc0   0x08001fc0   0x0000000c   Code   RO         2515    i.HAL_GPIO_WritePin  stm32f1xx_hal_gpio.o
    0x08001fcc   0x08001fcc   0x0000000c   Code   RO         2178    i.HAL_GetTick       stm32f1xx_hal.o
    0x08001fd8   0x08001fd8   0x00000018   Code   RO         2184    i.HAL_IncTick       stm32f1xx_hal.o
    0x08001ff0   0x08001ff0   0x00000028   Code   RO         2185    i.HAL_Init          stm32f1xx_hal.o
    0x08002018   0x08002018   0x0000004c   Code   RO         2186    i.HAL_InitTick      stm32f1xx_hal.o
    0x08002064   0x08002064   0x00000054   Code   RO          465    i.HAL_MspInit       stm32f1xx_hal_msp.o
    0x080020b8   0x080020b8   0x00000020   Code   RO         2671    i.HAL_NVIC_EnableIRQ  stm32f1xx_hal_cortex.o
    0x080020d8   0x080020d8   0x0000007c   Code   RO         2677    i.HAL_NVIC_SetPriority  stm32f1xx_hal_cortex.o
    0x08002154   0x08002154   0x00000028   Code   RO         2678    i.HAL_NVIC_SetPriorityGrouping  stm32f1xx_hal_cortex.o
    0x0800217c   0x0800217c   0x0000000a   Code   RO         1821    i.HAL_PCDEx_SetRxFiFo  stm32f1xx_hal_pcd_ex.o
    0x08002186   0x08002186   0x0000004e   Code   RO         1822    i.HAL_PCDEx_SetTxFiFo  stm32f1xx_hal_pcd_ex.o
    0x080021d4   0x080021d4   0x0000000e   Code   RO         1345    i.HAL_PCD_ConnectCallback  usbd_conf.o
    0x080021e2   0x080021e2   0x00000020   Code   RO         1346    i.HAL_PCD_DataInStageCallback  usbd_conf.o
    0x08002202   0x08002202   0x00000020   Code   RO         1347    i.HAL_PCD_DataOutStageCallback  usbd_conf.o
    0x08002222   0x08002222   0x0000000e   Code   RO         1348    i.HAL_PCD_DisconnectCallback  usbd_conf.o
    0x08002230   0x08002230   0x0000006a   Code   RO         1597    i.HAL_PCD_EP_Close  stm32f1xx_hal_pcd.o
    0x0800229a   0x0800229a   0x0000007c   Code   RO         1598    i.HAL_PCD_EP_ClrStall  stm32f1xx_hal_pcd.o
    0x08002316   0x08002316   0x00000044   Code   RO         1599    i.HAL_PCD_EP_Flush  stm32f1xx_hal_pcd.o
    0x0800235a   0x0800235a   0x00000016   Code   RO         1600    i.HAL_PCD_EP_GetRxCount  stm32f1xx_hal_pcd.o
    0x08002370   0x08002370   0x0000008c   Code   RO         1601    i.HAL_PCD_EP_Open   stm32f1xx_hal_pcd.o
    0x080023fc   0x080023fc   0x0000004c   Code   RO         1602    i.HAL_PCD_EP_Receive  stm32f1xx_hal_pcd.o
    0x08002448   0x08002448   0x00000088   Code   RO         1603    i.HAL_PCD_EP_SetStall  stm32f1xx_hal_pcd.o
    0x080024d0   0x080024d0   0x0000004e   Code   RO         1604    i.HAL_PCD_EP_Transmit  stm32f1xx_hal_pcd.o
    0x0800251e   0x0800251e   0x000004e8   Code   RO         1606    i.HAL_PCD_IRQHandler  stm32f1xx_hal_pcd.o
    0x08002a06   0x08002a06   0x00000012   Code   RO         1349    i.HAL_PCD_ISOINIncompleteCallback  usbd_conf.o
    0x08002a18   0x08002a18   0x00000012   Code   RO         1350    i.HAL_PCD_ISOOUTIncompleteCallback  usbd_conf.o
    0x08002a2a   0x08002a2a   0x00000166   Code   RO         1609    i.HAL_PCD_Init      stm32f1xx_hal_pcd.o
    0x08002b90   0x08002b90   0x00000080   Code   RO         1352    i.HAL_PCD_MspInit   usbd_conf.o
    0x08002c10   0x08002c10   0x00000024   Code   RO         1353    i.HAL_PCD_ResetCallback  usbd_conf.o
    0x08002c34   0x08002c34   0x0000000e   Code   RO         1354    i.HAL_PCD_ResumeCallback  usbd_conf.o
    0x08002c42   0x08002c42   0x0000000e   Code   RO         1355    i.HAL_PCD_SOFCallback  usbd_conf.o
    0x08002c50   0x08002c50   0x00000036   Code   RO         1615    i.HAL_PCD_SetAddress  stm32f1xx_hal_pcd.o
    0x08002c86   0x08002c86   0x00000012   Code   RO         1356    i.HAL_PCD_SetupStageCallback  usbd_conf.o
    0x08002c98   0x08002c98   0x00000034   Code   RO         1617    i.HAL_PCD_Start     stm32f1xx_hal_pcd.o
    0x08002ccc   0x08002ccc   0x00000034   Code   RO         1357    i.HAL_PCD_SuspendCallback  usbd_conf.o
    0x08002d00   0x08002d00   0x00000210   Code   RO         2454    i.HAL_RCCEx_PeriphCLKConfig  stm32f1xx_hal_rcc_ex.o
    0x08002f10   0x08002f10   0x0000018c   Code   RO         2342    i.HAL_RCC_ClockConfig  stm32f1xx_hal_rcc.o
    0x0800309c   0x0800309c   0x0000000c   Code   RO         2347    i.HAL_RCC_GetHCLKFreq  stm32f1xx_hal_rcc.o
    0x080030a8   0x080030a8   0x00000020   Code   RO         2349    i.HAL_RCC_GetPCLK1Freq  stm32f1xx_hal_rcc.o
    0x080030c8   0x080030c8   0x00000020   Code   RO         2350    i.HAL_RCC_GetPCLK2Freq  stm32f1xx_hal_rcc.o
    0x080030e8   0x080030e8   0x00000124   Code   RO         2351    i.HAL_RCC_GetSysClockFreq  stm32f1xx_hal_rcc.o
    0x0800320c   0x0800320c   0x0000056c   Code   RO         2354    i.HAL_RCC_OscConfig  stm32f1xx_hal_rcc.o
    0x08003778   0x08003778   0x000000be   Code   RO         3208    i.HAL_SPI_Init      stm32f1xx_hal_spi.o
    0x08003836   0x08003836   0x00000002   PAD
    0x08003838   0x08003838   0x000000a8   Code   RO          272    i.HAL_SPI_MspInit   spi.o
    0x080038e0   0x080038e0   0x00000170   Code   RO         3211    i.HAL_SPI_Receive   stm32f1xx_hal_spi.o
    0x08003a50   0x08003a50   0x000001ae   Code   RO         3216    i.HAL_SPI_Transmit  stm32f1xx_hal_spi.o
    0x08003bfe   0x08003bfe   0x0000022a   Code   RO         3217    i.HAL_SPI_TransmitReceive  stm32f1xx_hal_spi.o
    0x08003e28   0x08003e28   0x00000034   Code   RO         2682    i.HAL_SYSTICK_Config  stm32f1xx_hal_cortex.o
    0x08003e5c   0x08003e5c   0x00000002   Code   RO         3576    i.HAL_UART_ErrorCallback  stm32f1xx_hal_uart.o
    0x08003e5e   0x08003e5e   0x00000002   PAD
    0x08003e60   0x08003e60   0x00000154   Code   RO         3579    i.HAL_UART_IRQHandler  stm32f1xx_hal_uart.o
    0x08003fb4   0x08003fb4   0x00000072   Code   RO         3580    i.HAL_UART_Init     stm32f1xx_hal_uart.o
    0x08004026   0x08004026   0x00000002   PAD
    0x08004028   0x08004028   0x000000ac   Code   RO          333    i.HAL_UART_MspInit  usart.o
    0x080040d4   0x080040d4   0x00000070   Code   RO         3585    i.HAL_UART_Receive_IT  stm32f1xx_hal_uart.o
    0x08004144   0x08004144   0x00000002   Code   RO         3586    i.HAL_UART_RxCpltCallback  stm32f1xx_hal_uart.o
    0x08004146   0x08004146   0x000000d2   Code   RO         3588    i.HAL_UART_Transmit  stm32f1xx_hal_uart.o
    0x08004218   0x08004218   0x00000002   Code   RO         3591    i.HAL_UART_TxCpltCallback  stm32f1xx_hal_uart.o
    0x0800421a   0x0800421a   0x00000004   Code   RO          377    i.HardFault_Handler  stm32f1xx_it.o
    0x0800421e   0x0800421e   0x0000003e   Code   RO         1208    i.IntToUnicode      usbd_desc.o
    0x0800425c   0x0800425c   0x00000042   Code   RO         4305    i.MSC_BOT_Abort     usbd_msc_bot.o
    0x0800429e   0x0800429e   0x00000002   PAD
    0x080042a0   0x080042a0   0x000000dc   Code   RO         4306    i.MSC_BOT_CBW_Decode  usbd_msc_bot.o
    0x0800437c   0x0800437c   0x0000003c   Code   RO         4307    i.MSC_BOT_CplClrFeature  usbd_msc_bot.o
    0x080043b8   0x080043b8   0x0000004a   Code   RO         4308    i.MSC_BOT_DataIn    usbd_msc_bot.o
    0x08004402   0x08004402   0x00000040   Code   RO         4309    i.MSC_BOT_DataOut   usbd_msc_bot.o
    0x08004442   0x08004442   0x0000000a   Code   RO         4310    i.MSC_BOT_DeInit    usbd_msc_bot.o
    0x0800444c   0x0800444c   0x00000040   Code   RO         4311    i.MSC_BOT_Init      usbd_msc_bot.o
    0x0800448c   0x0800448c   0x00000020   Code   RO         4312    i.MSC_BOT_Reset     usbd_msc_bot.o
    0x080044ac   0x080044ac   0x0000003c   Code   RO         4313    i.MSC_BOT_SendCSW   usbd_msc_bot.o
    0x080044e8   0x080044e8   0x0000004e   Code   RO         4314    i.MSC_BOT_SendData  usbd_msc_bot.o
    0x08004536   0x08004536   0x00000002   PAD
    0x08004538   0x08004538   0x00000148   Code   RO          245    i.MX_GPIO_Init      gpio.o
    0x08004680   0x08004680   0x00000064   Code   RO          273    i.MX_SPI1_Init      spi.o
    0x080046e4   0x080046e4   0x00000038   Code   RO          334    i.MX_USART1_UART_Init  usart.o
    0x0800471c   0x0800471c   0x00000004   Code   RO          378    i.MemManage_Handler  stm32f1xx_it.o
    0x08004720   0x08004720   0x00000004   Code   RO          379    i.NMI_Handler       stm32f1xx_it.o
    0x08004724   0x08004724   0x00000010   Code   RO          380    i.OTG_FS_IRQHandler  stm32f1xx_it.o
    0x08004734   0x08004734   0x0000004c   Code   RO         1621    i.PCD_EP_OutSetupPacket_int  stm32f1xx_hal_pcd.o
    0x08004780   0x08004780   0x0000006c   Code   RO         1622    i.PCD_EP_OutXfrComplete_int  stm32f1xx_hal_pcd.o
    0x080047ec   0x080047ec   0x000000b2   Code   RO         1623    i.PCD_WriteEmptyTxFifo  stm32f1xx_hal_pcd.o
    0x0800489e   0x0800489e   0x00000002   Code   RO          381    i.PendSV_Handler    stm32f1xx_it.o
    0x080048a0   0x080048a0   0x00000028   Code   RO         2355    i.RCC_Delay         stm32f1xx_hal_rcc.o
    0x080048c8   0x080048c8   0x00000032   Code   RO         4407    i.SCSI_CheckAddressRange  usbd_msc_scsi.o
    0x080048fa   0x080048fa   0x00000002   PAD
    0x080048fc   0x080048fc   0x00000064   Code   RO         4408    i.SCSI_Inquiry      usbd_msc_scsi.o
    0x08004960   0x08004960   0x0000002c   Code   RO         4409    i.SCSI_ModeSense10  usbd_msc_scsi.o
    0x0800498c   0x0800498c   0x0000002c   Code   RO         4410    i.SCSI_ModeSense6   usbd_msc_scsi.o
    0x080049b8   0x080049b8   0x000000ee   Code   RO         4411    i.SCSI_ProcessCmd   usbd_msc_scsi.o
    0x08004aa6   0x08004aa6   0x000000b0   Code   RO         4412    i.SCSI_ProcessRead  usbd_msc_scsi.o
    0x08004b56   0x08004b56   0x000000d8   Code   RO         4413    i.SCSI_ProcessWrite  usbd_msc_scsi.o
    0x08004c2e   0x08004c2e   0x000000d2   Code   RO         4414    i.SCSI_Read10       usbd_msc_scsi.o
    0x08004d00   0x08004d00   0x00000080   Code   RO         4415    i.SCSI_ReadCapacity10  usbd_msc_scsi.o
    0x08004d80   0x08004d80   0x0000008a   Code   RO         4416    i.SCSI_ReadFormatCapacity  usbd_msc_scsi.o
    0x08004e0a   0x08004e0a   0x00000086   Code   RO         4417    i.SCSI_RequestSense  usbd_msc_scsi.o
    0x08004e90   0x08004e90   0x00000040   Code   RO         4418    i.SCSI_SenseCode    usbd_msc_scsi.o
    0x08004ed0   0x08004ed0   0x00000010   Code   RO         4419    i.SCSI_StartStopUnit  usbd_msc_scsi.o
    0x08004ee0   0x08004ee0   0x00000056   Code   RO         4420    i.SCSI_TestUnitReady  usbd_msc_scsi.o
    0x08004f36   0x08004f36   0x0000004c   Code   RO         4421    i.SCSI_Verify10     usbd_msc_scsi.o
    0x08004f82   0x08004f82   0x00000112   Code   RO         4422    i.SCSI_Write10      usbd_msc_scsi.o
    0x08005094   0x08005094   0x00000004   Code   RO         5250    i.SDCARD_IsDetected  fatfs_sd.o
    0x08005098   0x08005098   0x00000004   Code   RO         5251    i.SDCARD_IsWriteEnabled  fatfs_sd.o
    0x0800509c   0x0800509c   0x00000078   Code   RO         3245    i.SPI_EndRxTransaction  stm32f1xx_hal_spi.o
    0x08005114   0x08005114   0x00000028   Code   RO         3246    i.SPI_EndRxTxTransaction  stm32f1xx_hal_spi.o
    0x0800513c   0x0800513c   0x00000072   Code   RO          274    i.SPI_ReadMulti     spi.o
    0x080051ae   0x080051ae   0x0000003c   Code   RO         5252    i.SPI_Send          fatfs_sd.o
    0x080051ea   0x080051ea   0x00000002   PAD
    0x080051ec   0x080051ec   0x000000d8   Code   RO         3251    i.SPI_WaitFlagStateUntilTimeout  stm32f1xx_hal_spi.o
    0x080052c4   0x080052c4   0x0000006e   Code   RO          276    i.SPI_WriteMulti    spi.o
    0x08005332   0x08005332   0x00000010   Code   RO          893    i.STORAGE_GetCapacity_FS  storagemode.o
    0x08005342   0x08005342   0x00000004   Code   RO          894    i.STORAGE_GetMaxLun_FS  storagemode.o
    0x08005346   0x08005346   0x00000006   Code   RO          895    i.STORAGE_Init_FS   storagemode.o
    0x0800534c   0x0800534c   0x00000006   Code   RO          896    i.STORAGE_IsReady_FS  storagemode.o
    0x08005352   0x08005352   0x00000006   Code   RO          897    i.STORAGE_IsWriteProtected_FS  storagemode.o
    0x08005358   0x08005358   0x00000024   Code   RO          898    i.STORAGE_Read_FS   storagemode.o
    0x0800537c   0x0800537c   0x00000024   Code   RO          899    i.STORAGE_Write_FS  storagemode.o
    0x080053a0   0x080053a0   0x00000002   Code   RO          382    i.SVC_Handler       stm32f1xx_it.o
    0x080053a2   0x080053a2   0x0000000c   Code   RO          383    i.SysTick_Handler   stm32f1xx_it.o
    0x080053ae   0x080053ae   0x00000002   PAD
    0x080053b0   0x080053b0   0x00000094   Code   RO           14    i.SystemClock_Config  main.o
    0x08005444   0x08005444   0x00000002   Code   RO         3887    i.SystemInit        system_stm32f1xx.o
    0x08005446   0x08005446   0x00000002   PAD
    0x08005448   0x08005448   0x00000160   Code   RO         5253    i.TM_FATFS_SD_disk_initialize  fatfs_sd.o
    0x080055a8   0x080055a8   0x00000228   Code   RO         5254    i.TM_FATFS_SD_disk_ioctl  fatfs_sd.o
    0x080057d0   0x080057d0   0x00000088   Code   RO         5255    i.TM_FATFS_SD_disk_read  fatfs_sd.o
    0x08005858   0x08005858   0x00000038   Code   RO         5256    i.TM_FATFS_SD_disk_status  fatfs_sd.o
    0x08005890   0x08005890   0x000000b8   Code   RO         5257    i.TM_FATFS_SD_disk_write  fatfs_sd.o
    0x08005948   0x08005948   0x00000014   Code   RO         3593    i.UART_DMAAbortOnError  stm32f1xx_hal_uart.o
    0x0800595c   0x0800595c   0x00000020   Code   RO         3603    i.UART_EndRxTransfer  stm32f1xx_hal_uart.o
    0x0800597c   0x0800597c   0x00000020   Code   RO         3604    i.UART_EndTransmit_IT  stm32f1xx_hal_uart.o
    0x0800599c   0x0800599c   0x000000a0   Code   RO         3606    i.UART_Receive_IT   stm32f1xx_hal_uart.o
    0x08005a3c   0x08005a3c   0x000000fc   Code   RO         3607    i.UART_SetConfig    stm32f1xx_hal_uart.o
    0x08005b38   0x08005b38   0x00000060   Code   RO         3608    i.UART_Transmit_IT  stm32f1xx_hal_uart.o
    0x08005b98   0x08005b98   0x0000006c   Code   RO         3609    i.UART_WaitOnFlagUntilTimeout  stm32f1xx_hal_uart.o
    0x08005c04   0x08005c04   0x00000010   Code   RO          384    i.USART1_IRQHandler  stm32f1xx_it.o
    0x08005c14   0x08005c14   0x00000016   Code   RO         3923    i.USBD_ClrClassConfig  usbd_core.o
    0x08005c2a   0x08005c2a   0x0000003e   Code   RO         4063    i.USBD_ClrFeature   usbd_ctlreq.o
    0x08005c68   0x08005c68   0x00000018   Code   RO         4159    i.USBD_CtlContinueRx  usbd_ioreq.o
    0x08005c80   0x08005c80   0x00000018   Code   RO         4160    i.USBD_CtlContinueSendData  usbd_ioreq.o
    0x08005c98   0x08005c98   0x00000018   Code   RO         4064    i.USBD_CtlError     usbd_ctlreq.o
    0x08005cb0   0x08005cb0   0x0000001a   Code   RO         4162    i.USBD_CtlReceiveStatus  usbd_ioreq.o
    0x08005cca   0x08005cca   0x00000022   Code   RO         4163    i.USBD_CtlSendData  usbd_ioreq.o
    0x08005cec   0x08005cec   0x0000001a   Code   RO         4164    i.USBD_CtlSendStatus  usbd_ioreq.o
    0x08005d06   0x08005d06   0x00000002   PAD
    0x08005d08   0x08005d08   0x00000034   Code   RO         1209    i.USBD_FS_ConfigStrDescriptor  usbd_desc.o
    0x08005d3c   0x08005d3c   0x00000010   Code   RO         1210    i.USBD_FS_DeviceDescriptor  usbd_desc.o
    0x08005d4c   0x08005d4c   0x00000038   Code   RO         1211    i.USBD_FS_InterfaceStrDescriptor  usbd_desc.o
    0x08005d84   0x08005d84   0x00000010   Code   RO         1212    i.USBD_FS_LangIDStrDescriptor  usbd_desc.o
    0x08005d94   0x08005d94   0x0000002c   Code   RO         1213    i.USBD_FS_ManufacturerStrDescriptor  usbd_desc.o
    0x08005dc0   0x08005dc0   0x0000003c   Code   RO         1214    i.USBD_FS_ProductStrDescriptor  usbd_desc.o
    0x08005dfc   0x08005dfc   0x00000018   Code   RO         1215    i.USBD_FS_SerialStrDescriptor  usbd_desc.o
    0x08005e14   0x08005e14   0x00000056   Code   RO         4065    i.USBD_GetConfig    usbd_ctlreq.o
    0x08005e6a   0x08005e6a   0x000001f4   Code   RO         4066    i.USBD_GetDescriptor  usbd_ctlreq.o
    0x0800605e   0x0800605e   0x00000014   Code   RO         4067    i.USBD_GetLen       usbd_ctlreq.o
    0x08006072   0x08006072   0x0000005a   Code   RO         4068    i.USBD_GetStatus    usbd_ctlreq.o
    0x080060cc   0x080060cc   0x00000052   Code   RO         4069    i.USBD_GetString    usbd_ctlreq.o
    0x0800611e   0x0800611e   0x0000002c   Code   RO         1358    i.USBD_Get_USB_Status  usbd_conf.o
    0x0800614a   0x0800614a   0x00000032   Code   RO         3925    i.USBD_Init         usbd_core.o
    0x0800617c   0x0800617c   0x00000026   Code   RO         1359    i.USBD_LL_ClearStallEP  usbd_conf.o
    0x080061a2   0x080061a2   0x00000026   Code   RO         1360    i.USBD_LL_CloseEP   usbd_conf.o
    0x080061c8   0x080061c8   0x00000100   Code   RO         3926    i.USBD_LL_DataInStage  usbd_core.o
    0x080062c8   0x080062c8   0x000000a6   Code   RO         3927    i.USBD_LL_DataOutStage  usbd_core.o
    0x0800636e   0x0800636e   0x00000006   Code   RO         3928    i.USBD_LL_DevConnected  usbd_core.o
    0x08006374   0x08006374   0x0000001a   Code   RO         3929    i.USBD_LL_DevDisconnected  usbd_core.o
    0x0800638e   0x0800638e   0x00000026   Code   RO         1363    i.USBD_LL_FlushEP   usbd_conf.o
    0x080063b4   0x080063b4   0x00000012   Code   RO         1364    i.USBD_LL_GetRxDataSize  usbd_conf.o
    0x080063c6   0x080063c6   0x00000002   PAD
    0x080063c8   0x080063c8   0x0000005c   Code   RO         1365    i.USBD_LL_Init      usbd_conf.o
    0x08006424   0x08006424   0x00000038   Code   RO         1366    i.USBD_LL_IsStallEP  usbd_conf.o
    0x0800645c   0x0800645c   0x00000006   Code   RO         3930    i.USBD_LL_IsoINIncomplete  usbd_core.o
    0x08006462   0x08006462   0x00000006   Code   RO         3931    i.USBD_LL_IsoOUTIncomplete  usbd_core.o
    0x08006468   0x08006468   0x00000030   Code   RO         1367    i.USBD_LL_OpenEP    usbd_conf.o
    0x08006498   0x08006498   0x00000030   Code   RO         1368    i.USBD_LL_PrepareReceive  usbd_conf.o
    0x080064c8   0x080064c8   0x0000005c   Code   RO         3932    i.USBD_LL_Reset     usbd_core.o
    0x08006524   0x08006524   0x00000016   Code   RO         3933    i.USBD_LL_Resume    usbd_core.o
    0x0800653a   0x0800653a   0x00000022   Code   RO         3934    i.USBD_LL_SOF       usbd_core.o
    0x0800655c   0x0800655c   0x00000008   Code   RO         3935    i.USBD_LL_SetSpeed  usbd_core.o
    0x08006564   0x08006564   0x00000026   Code   RO         1369    i.USBD_LL_SetUSBAddress  usbd_conf.o
    0x0800658a   0x0800658a   0x0000006e   Code   RO         3936    i.USBD_LL_SetupStage  usbd_core.o
    0x080065f8   0x080065f8   0x00000026   Code   RO         1370    i.USBD_LL_StallEP   usbd_conf.o
    0x0800661e   0x0800661e   0x0000001e   Code   RO         1371    i.USBD_LL_Start     usbd_conf.o
    0x0800663c   0x0800663c   0x00000014   Code   RO         3937    i.USBD_LL_Suspend   usbd_core.o
    0x08006650   0x08006650   0x00000030   Code   RO         1373    i.USBD_LL_Transmit  usbd_conf.o
    0x08006680   0x08006680   0x00000012   Code   RO         4221    i.USBD_MSC_DataIn   usbd_msc.o
    0x08006692   0x08006692   0x00000012   Code   RO         4222    i.USBD_MSC_DataOut  usbd_msc.o
    0x080066a4   0x080066a4   0x0000003e   Code   RO         4223    i.USBD_MSC_DeInit   usbd_msc.o
    0x080066e2   0x080066e2   0x00000002   PAD
    0x080066e4   0x080066e4   0x00000010   Code   RO         4224    i.USBD_MSC_GetDeviceQualifierDescriptor  usbd_msc.o
    0x080066f4   0x080066f4   0x00000010   Code   RO         4225    i.USBD_MSC_GetFSCfgDesc  usbd_msc.o
    0x08006704   0x08006704   0x00000010   Code   RO         4226    i.USBD_MSC_GetHSCfgDesc  usbd_msc.o
    0x08006714   0x08006714   0x00000010   Code   RO         4227    i.USBD_MSC_GetOtherSpeedCfgDesc  usbd_msc.o
    0x08006724   0x08006724   0x00000072   Code   RO         4228    i.USBD_MSC_Init     usbd_msc.o
    0x08006796   0x08006796   0x0000000c   Code   RO         4229    i.USBD_MSC_RegisterStorage  usbd_msc.o
    0x080067a2   0x080067a2   0x000001c4   Code   RO         4230    i.USBD_MSC_Setup    usbd_msc.o
    0x08006966   0x08006966   0x00000028   Code   RO         4070    i.USBD_ParseSetupRequest  usbd_ctlreq.o
    0x0800698e   0x0800698e   0x00000010   Code   RO         3938    i.USBD_RegisterClass  usbd_core.o
    0x0800699e   0x0800699e   0x00000006   Code   RO         3939    i.USBD_RunTestMode  usbd_core.o
    0x080069a4   0x080069a4   0x0000005a   Code   RO         4071    i.USBD_SetAddress   usbd_ctlreq.o
    0x080069fe   0x080069fe   0x00000022   Code   RO         3940    i.USBD_SetClassConfig  usbd_core.o
    0x08006a20   0x08006a20   0x000000e8   Code   RO         4072    i.USBD_SetConfig    usbd_ctlreq.o
    0x08006b08   0x08006b08   0x00000018   Code   RO         4073    i.USBD_SetFeature   usbd_ctlreq.o
    0x08006b20   0x08006b20   0x0000000e   Code   RO         3941    i.USBD_Start        usbd_core.o
    0x08006b2e   0x08006b2e   0x000000a2   Code   RO         4074    i.USBD_StdDevReq    usbd_ctlreq.o
    0x08006bd0   0x08006bd0   0x00000238   Code   RO         4075    i.USBD_StdEPReq     usbd_ctlreq.o
    0x08006e08   0x08006e08   0x0000007e   Code   RO         4076    i.USBD_StdItfReq    usbd_ctlreq.o
    0x08006e86   0x08006e86   0x00000002   Code   RO         1374    i.USBD_static_free  usbd_conf.o
    0x08006e88   0x08006e88   0x0000000c   Code   RO         1375    i.USBD_static_malloc  usbd_conf.o
    0x08006e94   0x08006e94   0x000000d0   Code   RO         1862    i.USB_ActivateEndpoint  stm32f1xx_ll_usb.o
    0x08006f64   0x08006f64   0x00000028   Code   RO         1864    i.USB_ActivateSetup  stm32f1xx_ll_usb.o
    0x08006f8c   0x08006f8c   0x00000060   Code   RO         1866    i.USB_CoreInit      stm32f1xx_ll_usb.o
    0x08006fec   0x08006fec   0x0000004c   Code   RO         1867    i.USB_CoreReset     stm32f1xx_ll_usb.o
    0x08007038   0x08007038   0x0000014c   Code   RO         1870    i.USB_DeactivateEndpoint  stm32f1xx_ll_usb.o
    0x08007184   0x08007184   0x00000024   Code   RO         1871    i.USB_DevConnect    stm32f1xx_ll_usb.o
    0x080071a8   0x080071a8   0x00000024   Code   RO         1872    i.USB_DevDisconnect  stm32f1xx_ll_usb.o
    0x080071cc   0x080071cc   0x00000188   Code   RO         1873    i.USB_DevInit       stm32f1xx_ll_usb.o
    0x08007354   0x08007354   0x0000000e   Code   RO         1874    i.USB_DisableGlobalInt  stm32f1xx_ll_usb.o
    0x08007362   0x08007362   0x00000002   PAD
    0x08007364   0x08007364   0x00000198   Code   RO         1877    i.USB_EP0StartXfer  stm32f1xx_ll_usb.o
    0x080074fc   0x080074fc   0x00000058   Code   RO         1878    i.USB_EP0_OutStart  stm32f1xx_ll_usb.o
    0x08007554   0x08007554   0x0000008e   Code   RO         1879    i.USB_EPClearStall  stm32f1xx_ll_usb.o
    0x080075e2   0x080075e2   0x0000009a   Code   RO         1880    i.USB_EPSetStall    stm32f1xx_ll_usb.o
    0x0800767c   0x0800767c   0x000002b8   Code   RO         1881    i.USB_EPStartXfer   stm32f1xx_ll_usb.o
    0x08007934   0x08007934   0x0000000e   Code   RO         1882    i.USB_EnableGlobalInt  stm32f1xx_ll_usb.o
    0x08007942   0x08007942   0x00000002   PAD
    0x08007944   0x08007944   0x0000002c   Code   RO         1883    i.USB_FlushRxFifo   stm32f1xx_ll_usb.o
    0x08007970   0x08007970   0x00000030   Code   RO         1884    i.USB_FlushTxFifo   stm32f1xx_ll_usb.o
    0x080079a0   0x080079a0   0x00000020   Code   RO         1886    i.USB_GetDevSpeed   stm32f1xx_ll_usb.o
    0x080079c0   0x080079c0   0x0000000a   Code   RO         1888    i.USB_GetMode       stm32f1xx_ll_usb.o
    0x080079ca   0x080079ca   0x00000014   Code   RO         1895    i.USB_ReadDevAllInEpInterrupt  stm32f1xx_ll_usb.o
    0x080079de   0x080079de   0x00000014   Code   RO         1896    i.USB_ReadDevAllOutEpInterrupt  stm32f1xx_ll_usb.o
    0x080079f2   0x080079f2   0x00000032   Code   RO         1897    i.USB_ReadDevInEPInterrupt  stm32f1xx_ll_usb.o
    0x08007a24   0x08007a24   0x0000001a   Code   RO         1898    i.USB_ReadDevOutEPInterrupt  stm32f1xx_ll_usb.o
    0x08007a3e   0x08007a3e   0x0000000a   Code   RO         1899    i.USB_ReadInterrupts  stm32f1xx_ll_usb.o
    0x08007a48   0x08007a48   0x00000022   Code   RO         1900    i.USB_ReadPacket    stm32f1xx_ll_usb.o
    0x08007a6a   0x08007a6a   0x00000036   Code   RO         1902    i.USB_SetCurrentMode  stm32f1xx_ll_usb.o
    0x08007aa0   0x08007aa0   0x0000002a   Code   RO         1903    i.USB_SetDevAddress  stm32f1xx_ll_usb.o
    0x08007aca   0x08007aca   0x00000012   Code   RO         1904    i.USB_SetDevSpeed   stm32f1xx_ll_usb.o
    0x08007adc   0x08007adc   0x000000e4   Code   RO         1905    i.USB_SetTurnaroundTime  stm32f1xx_ll_usb.o
    0x08007bc0   0x08007bc0   0x00000030   Code   RO         1908    i.USB_WritePacket   stm32f1xx_ll_usb.o
    0x08007bf0   0x08007bf0   0x00000004   Code   RO          385    i.UsageFault_Handler  stm32f1xx_it.o
    0x08007bf4   0x08007bf4   0x00000028   Code   RO         5726    i.__ARM_fpclassify  m_ws.l(fpclassify.o)
    0x08007c1c   0x08007c1c   0x00000010   Code   RO         2684    i.__NVIC_GetPriorityGrouping  stm32f1xx_hal_cortex.o
    0x08007c2c   0x08007c2c   0x00000028   Code   RO         2685    i.__NVIC_SetPriority  stm32f1xx_hal_cortex.o
    0x08007c54   0x08007c54   0x00000388   Code   RO         5731    i.__ieee754_rem_pio2  m_ws.l(rred.o)
    0x08007fdc   0x08007fdc   0x000000fc   Code   RO         5709    i.__kernel_cos      m_ws.l(cos_i.o)
    0x080080d8   0x080080d8   0x000000aa   Code   RO         5728    i.__kernel_poly     m_ws.l(poly.o)
    0x08008182   0x08008182   0x00000002   PAD
    0x08008184   0x08008184   0x000000ec   Code   RO         5736    i.__kernel_sin      m_ws.l(sin_i.o)
    0x08008270   0x08008270   0x00000010   Code   RO         5712    i.__mathlib_dbl_divzero  m_ws.l(dunder.o)
    0x08008280   0x08008280   0x00000006   Code   RO         5713    i.__mathlib_dbl_infnan  m_ws.l(dunder.o)
    0x08008286   0x08008286   0x00000004   Code   RO         5714    i.__mathlib_dbl_infnan2  m_ws.l(dunder.o)
    0x0800828a   0x0800828a   0x0000000c   Code   RO         5715    i.__mathlib_dbl_invalid  m_ws.l(dunder.o)
    0x08008296   0x08008296   0x0000000e   Code   RO         5716    i.__mathlib_dbl_overflow  m_ws.l(dunder.o)
    0x080082a4   0x080082a4   0x00000010   Code   RO         5718    i.__mathlib_dbl_underflow  m_ws.l(dunder.o)
    0x080082b4   0x080082b4   0x00000014   Code   RO          774    i._conditional_sector_erase  ringfs.o
    0x080082c8   0x080082c8   0x00000006   Code   RO          775    i._get_slot_loc     ringfs.o
    0x080082ce   0x080082ce   0x0000000e   Code   RO         5446    i._is_digit         c_w.l(__printf_wp.o)
    0x080082dc   0x080082dc   0x0000001c   Code   RO          776    i._loc_advance_sector  ringfs.o
    0x080082f8   0x080082f8   0x0000001e   Code   RO          777    i._loc_advance_slot  ringfs.o
    0x08008316   0x08008316   0x0000000a   Code   RO          778    i._sector_address   ringfs.o
    0x08008320   0x08008320   0x00000014   Code   RO          780    i._slot_address     ringfs.o
    0x08008334   0x08008334   0x0000008c   Code   RO          781    i._slot_set_status  ringfs.o
    0x080083c0   0x080083c0   0x000001f0   Code   RO          611    i.ascam_emfat_scan  emfat.o
    0x080085b0   0x080085b0   0x00000020   Code   RO           15    i.at45_program      main.o
    0x080085d0   0x080085d0   0x00000020   Code   RO          612    i.at45_program      emfat.o
    0x080085f0   0x080085f0   0x00000020   Code   RO          783    i.at45_program      ringfs.o
    0x08008610   0x08008610   0x00000020   Code   RO          900    i.at45_program      storagemode.o
    0x08008630   0x08008630   0x00000020   Code   RO         1071    i.at45_program      filesys.o
    0x08008650   0x08008650   0x00000020   Code   RO           16    i.at45_program_slot  main.o
    0x08008670   0x08008670   0x00000020   Code   RO          613    i.at45_program_slot  emfat.o
    0x08008690   0x08008690   0x00000020   Code   RO          784    i.at45_program_slot  ringfs.o
    0x080086b0   0x080086b0   0x00000020   Code   RO          901    i.at45_program_slot  storagemode.o
    0x080086d0   0x080086d0   0x00000020   Code   RO         1072    i.at45_program_slot  filesys.o
    0x080086f0   0x080086f0   0x00000008   Code   RO           17    i.at45_read         main.o
    0x080086f8   0x080086f8   0x00000008   Code   RO          614    i.at45_read         emfat.o
    0x08008700   0x08008700   0x00000008   Code   RO          785    i.at45_read         ringfs.o
    0x08008708   0x08008708   0x00000008   Code   RO          902    i.at45_read         storagemode.o
    0x08008710   0x08008710   0x00000008   Code   RO         1073    i.at45_read         filesys.o
    0x08008718   0x08008718   0x00000012   Code   RO           18    i.at45_sector_erase  main.o
    0x0800872a   0x0800872a   0x00000012   Code   RO          615    i.at45_sector_erase  emfat.o
    0x0800873c   0x0800873c   0x00000012   Code   RO          786    i.at45_sector_erase  ringfs.o
    0x0800874e   0x0800874e   0x00000012   Code   RO          903    i.at45_sector_erase  storagemode.o
    0x08008760   0x08008760   0x00000012   Code   RO         1074    i.at45_sector_erase  filesys.o
    0x08008772   0x08008772   0x00000002   PAD
    0x08008774   0x08008774   0x00000024   Code   RO          491    i.at45dbxx_Spi      45dbxx.o
    0x08008798   0x08008798   0x00000054   Code   RO          494    i.at45dbxx_erase_page  45dbxx.o
    0x080087ec   0x080087ec   0x00000078   Code   RO          497    i.at45dbxx_program_byte  45dbxx.o
    0x08008864   0x08008864   0x00000084   Code   RO          498    i.at45dbxx_read_page  45dbxx.o
    0x080088e8   0x080088e8   0x00000064   Code   RO          502    i.at45dbxx_wait_busy  45dbxx.o
    0x0800894c   0x0800894c   0x00000220   Code   RO         5700    i.atan              m_ws.l(atan.o)
    0x08008b6c   0x08008b6c   0x0000019c   Code   RO         5541    i.atan2             m_ws.l(atan2.o)
    0x08008d08   0x08008d08   0x000001ac   Code   RO          990    i.calcDistance      camera.o
    0x08008eb4   0x08008eb4   0x0000002c   Code   RO          991    i.camera_systick    camera.o
    0x08008ee0   0x08008ee0   0x0000008a   Code   RO         4685    i.change_bitmap     ff.o
    0x08008f6a   0x08008f6a   0x00000002   PAD
    0x08008f6c   0x08008f6c   0x0000009c   Code   RO         4686    i.check_fs          ff.o
    0x08009008   0x08009008   0x00000014   Code   RO         4687    i.chk_chr           ff.o
    0x0800901c   0x0800901c   0x0000007c   Code   RO         4688    i.chk_lock          ff.o
    0x08009098   0x08009098   0x00000028   Code   RO         4689    i.clear_lock        ff.o
    0x080090c0   0x080090c0   0x00000024   Code   RO         1075    i.closefile         filesys.o
    0x080090e4   0x080090e4   0x0000001a   Code   RO         4690    i.clust2sect        ff.o
    0x080090fe   0x080090fe   0x00000002   PAD
    0x08009100   0x08009100   0x00000098   Code   RO         4691    i.cmp_lfn           ff.o
    0x08009198   0x08009198   0x0000009c   Code   RO         5549    i.cos               m_ws.l(cos.o)
    0x08009234   0x08009234   0x0000015e   Code   RO         4692    i.create_chain      ff.o
    0x08009392   0x08009392   0x00000002   PAD
    0x08009394   0x08009394   0x00000288   Code   RO         4693    i.create_name       ff.o
    0x0800961c   0x0800961c   0x00000090   Code   RO         4694    i.create_xdir       ff.o
    0x080096ac   0x080096ac   0x00000044   Code   RO         4695    i.dec_lock          ff.o
    0x080096f0   0x080096f0   0x00000020   Code   RO         5258    i.deselect          fatfs_sd.o
    0x08009710   0x08009710   0x0000007c   Code   RO         4696    i.dir_alloc         ff.o
    0x0800978c   0x0800978c   0x000001a8   Code   RO         4697    i.dir_find          ff.o
    0x08009934   0x08009934   0x00000120   Code   RO         4698    i.dir_next          ff.o
    0x08009a54   0x08009a54   0x00000102   Code   RO         4699    i.dir_read          ff.o
    0x08009b56   0x08009b56   0x00000210   Code   RO         4700    i.dir_register      ff.o
    0x08009d66   0x08009d66   0x000000aa   Code   RO         4702    i.dir_sdi           ff.o
    0x08009e10   0x08009e10   0x00000028   Code   RO         4586    i.disk_initialize   diskio.o
    0x08009e38   0x08009e38   0x00000030   Code   RO         4587    i.disk_ioctl        diskio.o
    0x08009e68   0x08009e68   0x00000040   Code   RO         4588    i.disk_read         diskio.o
    0x08009ea8   0x08009ea8   0x0000002c   Code   RO         4589    i.disk_status       diskio.o
    0x08009ed4   0x08009ed4   0x00000040   Code   RO         4590    i.disk_write        diskio.o
    0x08009f14   0x08009f14   0x0000014e   Code   RO          616    i.emfat_init        emfat.o
    0x0800a062   0x0800a062   0x000000f6   Code   RO          617    i.emfat_init_entries  emfat.o
    0x0800a158   0x0800a158   0x0000008c   Code   RO          618    i.emfat_read        emfat.o
    0x0800a1e4   0x0800a1e4   0x00000064   Code   RO          619    i.emfat_write       emfat.o
    0x0800a248   0x0800a248   0x00000028   Code   RO         4703    i.enq_lock          ff.o
    0x0800a270   0x0800a270   0x0000002c   Code   RO         4707    i.f_close           ff.o
    0x0800a29c   0x0800a29c   0x00000060   Code   RO         4720    i.f_mount           ff.o
    0x0800a2fc   0x0800a2fc   0x000003c0   Code   RO         4721    i.f_open            ff.o
    0x0800a6bc   0x0800a6bc   0x0000002c   Code   RO         4725    i.f_puts            ff.o
    0x0800a6e8   0x0800a6e8   0x00000196   Code   RO         4731    i.f_sync            ff.o
    0x0800a87e   0x0800a87e   0x00000268   Code   RO         4735    i.f_write           ff.o
    0x0800aae6   0x0800aae6   0x00000002   PAD
    0x0800aae8   0x0800aae8   0x000000ac   Code   RO          992    i.feedback_shoot    camera.o
    0x0800ab94   0x0800ab94   0x0000004c   Code   RO          993    i.feedback_state    camera.o
    0x0800abe0   0x0800abe0   0x0000004c   Code   RO         5224    i.ff_convert        unicode.o
    0x0800ac2c   0x0800ac2c   0x0000000c   Code   RO         5194    i.ff_memalloc       syscall.o
    0x0800ac38   0x0800ac38   0x0000000c   Code   RO         5195    i.ff_memfree        syscall.o
    0x0800ac44   0x0800ac44   0x000000a4   Code   RO         5225    i.ff_wtoupper       unicode.o
    0x0800ace8   0x0800ace8   0x000000d0   Code   RO          620    i.fill_dir_sector   emfat.o
    0x0800adb8   0x0800adb8   0x000000d6   Code   RO          621    i.fill_entry        emfat.o
    0x0800ae8e   0x0800ae8e   0x00000036   Code   RO         4736    i.fill_fat_chain    ff.o
    0x0800aec4   0x0800aec4   0x000000a4   Code   RO         4737    i.find_bitmap       ff.o
    0x0800af68   0x0800af68   0x00000046   Code   RO          622    i.find_entry        emfat.o
    0x0800afae   0x0800afae   0x00000002   PAD
    0x0800afb0   0x0800afb0   0x00000474   Code   RO         4738    i.find_volume       ff.o
    0x0800b424   0x0800b424   0x00000156   Code   RO         4739    i.follow_path       ff.o
    0x0800b57a   0x0800b57a   0x00000002   PAD
    0x0800b57c   0x0800b57c   0x000000b4   Code   RO         4740    i.gen_numname       ff.o
    0x0800b630   0x0800b630   0x00000028   Code   RO         1076    i.generate_fname    filesys.o
    0x0800b658   0x0800b658   0x0000017a   Code   RO         4742    i.get_fat           ff.o
    0x0800b7d2   0x0800b7d2   0x00000002   PAD
    0x0800b7d4   0x0800b7d4   0x00000008   Code   RO         4591    i.get_fattime       diskio.o
    0x0800b7dc   0x0800b7dc   0x000000c0   Code   RO         4744    i.get_ldnumber      ff.o
    0x0800b89c   0x0800b89c   0x000000bc   Code   RO         4746    i.inc_lock          ff.o
    0x0800b958   0x0800b958   0x0000004c   Code   RO         1078    i.initfile          filesys.o
    0x0800b9a4   0x0800b9a4   0x00000024   Code   RO         1079    i.initfilesystem    filesys.o
    0x0800b9c8   0x0800b9c8   0x00000026   Code   RO         4747    i.ld_clust          ff.o
    0x0800b9ee   0x0800b9ee   0x00000018   Code   RO         4748    i.ld_dword          ff.o
    0x0800ba06   0x0800ba06   0x00000062   Code   RO         4749    i.ld_qword          ff.o
    0x0800ba68   0x0800ba68   0x0000000c   Code   RO         4750    i.ld_word           ff.o
    0x0800ba74   0x0800ba74   0x0000003c   Code   RO         4751    i.load_obj_dir      ff.o
    0x0800bab0   0x0800bab0   0x000000dc   Code   RO         4752    i.load_xdir         ff.o
    0x0800bb8c   0x0800bb8c   0x000000ac   Code   RO           19    i.main              main.o
    0x0800bc38   0x0800bc38   0x00000024   Code   RO         4753    i.mem_cmp           ff.o
    0x0800bc5c   0x0800bc5c   0x0000001a   Code   RO         4754    i.mem_cpy           ff.o
    0x0800bc76   0x0800bc76   0x00000012   Code   RO         4755    i.mem_set           ff.o
    0x0800bc88   0x0800bc88   0x00000034   Code   RO         4756    i.move_window       ff.o
    0x0800bcbc   0x0800bcbc   0x00000284   Code   RO          994    i.parse             camera.o
    0x0800bf40   0x0800bf40   0x00000088   Code   RO         4758    i.pick_lfn          ff.o
    0x0800bfc8   0x0800bfc8   0x000009d8   Code   RO         5557    i.pow               m_ws.l(pow.o)
    0x0800c9a0   0x0800c9a0   0x00000144   Code   RO         4759    i.put_fat           ff.o
    0x0800cae4   0x0800cae4   0x00000080   Code   RO         4760    i.put_lfn           ff.o
    0x0800cb64   0x0800cb64   0x0000004e   Code   RO         4761    i.putc_bfd          ff.o
    0x0800cbb2   0x0800cbb2   0x0000002c   Code   RO         4762    i.putc_flush        ff.o
    0x0800cbde   0x0800cbde   0x0000000a   Code   RO         4763    i.putc_init         ff.o
    0x0800cbe8   0x0800cbe8   0x00000054   Code   RO         5259    i.rcvr_datablock    fatfs_sd.o
    0x0800cc3c   0x0800cc3c   0x00000018   Code   RO         5260    i.rcvr_spi_multi    fatfs_sd.o
    0x0800cc54   0x0800cc54   0x00000100   Code   RO          623    i.read_boot_sector  emfat.o
    0x0800cd54   0x0800cd54   0x00000094   Code   RO          624    i.read_data_sector  emfat.o
    0x0800cde8   0x0800cde8   0x000000a4   Code   RO          625    i.read_fat_sector   emfat.o
    0x0800ce8c   0x0800ce8c   0x00000066   Code   RO          626    i.read_mbr_sector   emfat.o
    0x0800cef2   0x0800cef2   0x00000002   PAD
    0x0800cef4   0x0800cef4   0x000000d0   Code   RO          627    i.readme_read_proc  emfat.o
    0x0800cfc4   0x0800cfc4   0x00000474   Code   RO          995    i.recive_cmd        camera.o
    0x0800d438   0x0800d438   0x0000010e   Code   RO         4764    i.remove_chain      ff.o
    0x0800d546   0x0800d546   0x00000002   PAD
    0x0800d548   0x0800d548   0x000000a0   Code   RO          787    i.ringfs_append     ringfs.o
    0x0800d5e8   0x0800d5e8   0x00000024   Code   RO          788    i.ringfs_init       ringfs.o
    0x0800d60c   0x0800d60c   0x00000148   Code   RO         1080    i.savedata          filesys.o
    0x0800d754   0x0800d754   0x00000034   Code   RO         5261    i.select            fatfs_sd.o
    0x0800d788   0x0800d788   0x000000ac   Code   RO         5262    i.send_cmd          fatfs_sd.o
    0x0800d834   0x0800d834   0x00000020   Code   RO          996    i.shoot1            camera.o
    0x0800d854   0x0800d854   0x00000020   Code   RO          997    i.shoot2            camera.o
    0x0800d874   0x0800d874   0x000000a0   Code   RO         5567    i.sin               m_ws.l(sin.o)
    0x0800d914   0x0800d914   0x0000004c   Code   RO         5575    i.sqrt              m_ws.l(sqrt.o)
    0x0800d960   0x0800d960   0x00000024   Code   RO         4765    i.st_clust          ff.o
    0x0800d984   0x0800d984   0x00000018   Code   RO         4766    i.st_dword          ff.o
    0x0800d99c   0x0800d99c   0x0000005c   Code   RO         4767    i.st_qword          ff.o
    0x0800d9f8   0x0800d9f8   0x0000000c   Code   RO         4768    i.st_word           ff.o
    0x0800da04   0x0800da04   0x00000072   Code   RO         4769    i.store_xdir        ff.o
    0x0800da76   0x0800da76   0x00000020   Code   RO         4770    i.sum_sfn           ff.o
    0x0800da96   0x0800da96   0x00000002   PAD
    0x0800da98   0x0800da98   0x00000090   Code   RO         4771    i.sync_fs           ff.o
    0x0800db28   0x0800db28   0x00000052   Code   RO         4772    i.sync_window       ff.o
    0x0800db7a   0x0800db7a   0x00000002   PAD
    0x0800db7c   0x0800db7c   0x0000026c   Code   RO          998    i.unixtime_to_datetime  camera.o
    0x0800dde8   0x0800dde8   0x0000003c   Code   RO         4773    i.validate          ff.o
    0x0800de24   0x0800de24   0x00000034   Code   RO         5263    i.wait_ready        fatfs_sd.o
    0x0800de58   0x0800de58   0x00000058   Code   RO          628    i.write_data_sector  emfat.o
    0x0800deb0   0x0800deb0   0x00000002   Code   RO          629    i.write_fat_sector  emfat.o
    0x0800deb2   0x0800deb2   0x0000003a   Code   RO         4774    i.xdir_sum          ff.o
    0x0800deec   0x0800deec   0x00000058   Code   RO         5264    i.xmit_datablock    fatfs_sd.o
    0x0800df44   0x0800df44   0x00000018   Code   RO         5265    i.xmit_spi_multi    fatfs_sd.o
    0x0800df5c   0x0800df5c   0x0000004c   Code   RO         4775    i.xname_sum         ff.o
    0x0800dfa8   0x0800dfa8   0x0000002c   Code   RO         5814    locale$$code        c_w.l(lc_numeric_c.o)
    0x0800dfd4   0x0800dfd4   0x00000062   Code   RO         5484    x$fpl$d2f           fz_ws.l(d2f.o)
    0x0800e036   0x0800e036   0x00000002   PAD
    0x0800e038   0x0800e038   0x00000150   Code   RO         5486    x$fpl$dadd          fz_ws.l(daddsub_clz.o)
    0x0800e188   0x0800e188   0x00000010   Code   RO         5825    x$fpl$dcheck1       fz_ws.l(dcheck1.o)
    0x0800e198   0x0800e198   0x00000018   Code   RO         5827    x$fpl$dcmpinf       fz_ws.l(dcmpi.o)
    0x0800e1b0   0x0800e1b0   0x000002b0   Code   RO         5675    x$fpl$ddiv          fz_ws.l(ddiv.o)
    0x0800e460   0x0800e460   0x00000078   Code   RO         5678    x$fpl$deqf          fz_ws.l(deqf.o)
    0x0800e4d8   0x0800e4d8   0x0000005e   Code   RO         5829    x$fpl$dfix          fz_ws.l(dfix.o)
    0x0800e536   0x0800e536   0x0000002e   Code   RO         5497    x$fpl$dflt          fz_ws.l(dflt_clz.o)
    0x0800e564   0x0800e564   0x00000026   Code   RO         5496    x$fpl$dfltu         fz_ws.l(dflt_clz.o)
    0x0800e58a   0x0800e58a   0x00000002   PAD
    0x0800e58c   0x0800e58c   0x00000078   Code   RO         5680    x$fpl$dleqf         fz_ws.l(dleqf.o)
    0x0800e604   0x0800e604   0x00000154   Code   RO         5502    x$fpl$dmul          fz_ws.l(dmul.o)
    0x0800e758   0x0800e758   0x0000009c   Code   RO         5682    x$fpl$dnaninf       fz_ws.l(dnaninf.o)
    0x0800e7f4   0x0800e7f4   0x0000000c   Code   RO         5684    x$fpl$dretinf       fz_ws.l(dretinf.o)
    0x0800e800   0x0800e800   0x0000006c   Code   RO         5686    x$fpl$drleqf        fz_ws.l(drleqf.o)
    0x0800e86c   0x0800e86c   0x00000016   Code   RO         5487    x$fpl$drsb          fz_ws.l(daddsub_clz.o)
    0x0800e882   0x0800e882   0x00000002   PAD
    0x0800e884   0x0800e884   0x000001cc   Code   RO         5688    x$fpl$dsqrt         fz_ws.l(dsqrt_noumaal.o)
    0x0800ea50   0x0800ea50   0x000001d4   Code   RO         5488    x$fpl$dsub          fz_ws.l(daddsub_clz.o)
    0x0800ec24   0x0800ec24   0x00000056   Code   RO         5504    x$fpl$f2d           fz_ws.l(f2d.o)
    0x0800ec7a   0x0800ec7a   0x00000002   PAD
    0x0800ec7c   0x0800ec7c   0x000000c4   Code   RO         5506    x$fpl$fadd          fz_ws.l(faddsub_clz.o)
    0x0800ed40   0x0800ed40   0x00000018   Code   RO         5690    x$fpl$fcmpinf       fz_ws.l(fcmpi.o)
    0x0800ed58   0x0800ed58   0x00000184   Code   RO         5513    x$fpl$fdiv          fz_ws.l(fdiv.o)
    0x0800eedc   0x0800eedc   0x00000068   Code   RO         5516    x$fpl$feqf          fz_ws.l(feqf.o)
    0x0800ef44   0x0800ef44   0x00000036   Code   RO         5518    x$fpl$ffix          fz_ws.l(ffix.o)
    0x0800ef7a   0x0800ef7a   0x00000002   PAD
    0x0800ef7c   0x0800ef7c   0x0000003e   Code   RO         5522    x$fpl$ffixu         fz_ws.l(ffixu.o)
    0x0800efba   0x0800efba   0x00000002   PAD
    0x0800efbc   0x0800efbc   0x00000030   Code   RO         5527    x$fpl$fflt          fz_ws.l(fflt_clz.o)
    0x0800efec   0x0800efec   0x00000026   Code   RO         5526    x$fpl$ffltu         fz_ws.l(fflt_clz.o)
    0x0800f012   0x0800f012   0x00000002   PAD
    0x0800f014   0x0800f014   0x00000068   Code   RO         5532    x$fpl$fleqf         fz_ws.l(fleqf.o)
    0x0800f07c   0x0800f07c   0x00000102   Code   RO         5534    x$fpl$fmul          fz_ws.l(fmul.o)
    0x0800f17e   0x0800f17e   0x0000008c   Code   RO         5692    x$fpl$fnaninf       fz_ws.l(fnaninf.o)
    0x0800f20a   0x0800f20a   0x0000000a   Code   RO         5694    x$fpl$fretinf       fz_ws.l(fretinf.o)
    0x0800f214   0x0800f214   0x00000062   Code   RO         5536    x$fpl$frleqf        fz_ws.l(frleqf.o)
    0x0800f276   0x0800f276   0x00000002   PAD
    0x0800f278   0x0800f278   0x000000ea   Code   RO         5508    x$fpl$fsub          fz_ws.l(faddsub_clz.o)
    0x0800f362   0x0800f362   0x00000004   Code   RO         5538    x$fpl$printf1       fz_ws.l(printf1.o)
    0x0800f366   0x0800f366   0x00000064   Code   RO         5868    x$fpl$retnan        fz_ws.l(retnan.o)
    0x0800f3ca   0x0800f3ca   0x0000005c   Code   RO         5696    x$fpl$scalbn        fz_ws.l(scalbn.o)
    0x0800f426   0x0800f426   0x00000030   Code   RO         5902    x$fpl$trapveneer    fz_ws.l(trapv.o)
    0x0800f456   0x0800f456   0x00000000   Code   RO         5698    x$fpl$usenofp       fz_ws.l(usenofp.o)
    0x0800f456   0x0800f456   0x00000018   Data   RO         3888    .constdata          system_stm32f1xx.o
    0x0800f46e   0x0800f46e   0x00000017   Data   RO         4382    .constdata          usbd_msc_data.o
    0x0800f485   0x0800f485   0x00000003   PAD
    0x0800f488   0x0800f488   0x000000e0   Data   RO         4778    .constdata          ff.o
    0x0800f568   0x0800f568   0x000003ae   Data   RO         5226    .constdata          unicode.o
    0x0800f916   0x0800f916   0x00000011   Data   RO         5449    .constdata          c_w.l(__printf_flags_wp.o)
    0x0800f927   0x0800f927   0x00000001   PAD
    0x0800f928   0x0800f928   0x00000088   Data   RO         5558    .constdata          m_ws.l(pow.o)
    0x0800f9b0   0x0800f9b0   0x00000098   Data   RO         5701    .constdata          m_ws.l(atan.o)
    0x0800fa48   0x0800fa48   0x00000030   Data   RO         5710    .constdata          m_ws.l(cos_i.o)
    0x0800fa78   0x0800fa78   0x00000008   Data   RO         5730    .constdata          m_ws.l(qnan.o)
    0x0800fa80   0x0800fa80   0x000000c8   Data   RO         5733    .constdata          m_ws.l(rred.o)
    0x0800fb48   0x0800fb48   0x00000028   Data   RO         5737    .constdata          m_ws.l(sin_i.o)
    0x0800fb70   0x0800fb70   0x00000094   Data   RO         5789    .constdata          c_w.l(bigflt0.o)
    0x0800fc04   0x0800fc04   0x00000139   Data   RO           21    .conststring        main.o
    0x0800fd3d   0x0800fd3d   0x00000003   PAD
    0x0800fd40   0x0800fd40   0x0000002e   Data   RO          632    .conststring        emfat.o
    0x0800fd6e   0x0800fd6e   0x00000002   PAD
    0x0800fd70   0x0800fd70   0x00000154   Data   RO         1082    .conststring        filesys.o
    0x0800fec4   0x0800fec4   0x00000046   Data   RO         4779    .conststring        ff.o
    0x0800ff0a   0x0800ff0a   0x00000002   PAD
    0x0800ff0c   0x0800ff0c   0x00000020   Data   RO         5932    Region$$Table       anon$$obj.o
    0x0800ff2c   0x0800ff2c   0x0000001c   Data   RO         5813    locale$$data        c_w.l(lc_numeric_c.o)


    Execution Region RW_IRAM1 (Exec base: 0x20000000, Load base: 0x0800ff48, Size: 0x0000cea0, Max: 0x00010000, ABSOLUTE, COMPRESSED[0x00000294])

    Exec Addr    Load Addr    Size         Type   Attr      Idx    E Section Name        Object

    0x20000000   COMPRESSED   0x000015a8   Data   RW           22    .data               main.o
    0x200015a8   COMPRESSED   0x000015b0   Data   RW          633    .data               emfat.o
    0x20002b58   COMPRESSED   0x0000004a   Data   RW          790    .data               ringfs.o
    0x20002ba2   COMPRESSED   0x00000002   PAD
    0x20002ba4   COMPRESSED   0x000015ec   Data   RW          907    .data               storagemode.o
    0x20004190   COMPRESSED   0x000000ac   Data   RW         1001    .data               camera.o
    0x2000423c   COMPRESSED   0x000015b8   Data   RW         1083    .data               filesys.o
    0x200057f4   COMPRESSED   0x00000052   Data   RW         1217    .data               usbd_desc.o
    0x20005846   COMPRESSED   0x00000002   PAD
    0x20005848   COMPRESSED   0x00000009   Data   RW         2192    .data               stm32f1xx_hal.o
    0x20005851   COMPRESSED   0x00000003   PAD
    0x20005854   COMPRESSED   0x00000004   Data   RW         3889    .data               system_stm32f1xx.o
    0x20005858   COMPRESSED   0x00000005   Data   RW         4077    .data               usbd_ctlreq.o
    0x2000585d   COMPRESSED   0x00000003   PAD
    0x20005860   COMPRESSED   0x000000a6   Data   RW         4231    .data               usbd_msc.o
    0x20005906   COMPRESSED   0x00000002   PAD
    0x20005908   COMPRESSED   0x000000b4   Data   RW         4592    .data               diskio.o
    0x200059bc   COMPRESSED   0x00000003   Data   RW         4780    .data               ff.o
    0x200059bf   COMPRESSED   0x00000001   PAD
    0x200059c0   COMPRESSED   0x00000006   Data   RW         5266    .data               fatfs_sd.o
    0x200059c6   COMPRESSED   0x00000002   PAD
    0x200059c8        -       0x00000c00   Zero   RW           20    .bss                main.o
    0x200065c8        -       0x00000058   Zero   RW          277    .bss                spi.o
    0x20006620        -       0x00000040   Zero   RW          335    .bss                usart.o
    0x20006660        -       0x00000ee4   Zero   RW          630    .bss                emfat.o
    0x20007544        -       0x00000014   Zero   RW          789    .bss                ringfs.o
    0x20007558        -       0x00000c28   Zero   RW          905    .bss                storagemode.o
    0x20008180        -       0x00000020   Zero   RW          999    .bss                camera.o
    0x200081a0        -       0x00001167   Zero   RW         1081    .bss                filesys.o
    0x20009307   COMPRESSED   0x00000001   PAD
    0x20009308        -       0x00000200   Zero   RW         1216    .bss                usbd_desc.o
    0x20009508        -       0x00000670   Zero   RW         1376    .bss                usbd_conf.o
    0x20009b78        -       0x000000c4   Zero   RW         4777    .bss                ff.o
    0x20009c3c        -       0x00000060   Zero   RW         5745    .bss                c_w.l(libspace.o)
    0x20009c9c   COMPRESSED   0x00000004   PAD
    0x20009ca0        -       0x00002000   Zero   RW            2    HEAP                startup_stm32f105xc.o
    0x2000bca0        -       0x00001200   Zero   RW            1    STACK               startup_stm32f105xc.o


==============================================================================

Image component sizes


      Code (inc. data)   RO Data    RW Data    ZI Data      Debug   Object Name

       472         38          0          0          0       5943   45dbxx.o
      3188        386          0        172         32       8416   camera.o
       268         32          0        180          0       6004   diskio.o
      2942        126         46       5552       3812      22611   emfat.o
      1876        110          0          6          0      11702   fatfs_sd.o
     10806        134        294          3        196      56171   ff.o
       606         94        340       5560       4455      12078   filesys.o
       328         18          0          0          0       1015   gpio.o
       416         50        313       5544       3072     600574   main.o
       540         34          0         74         20      11076   ringfs.o
       492         20          0          0         88       3118   spi.o
        64         26        336          0      12800        800   startup_stm32f105xc.o
       192         36          0          9          0       6869   stm32f1xx_hal.o
       304         22          0          0          0      29323   stm32f1xx_hal_cortex.o
       424         10          0          0          0       1203   stm32f1xx_hal_dma.o
       828         34          0          0          0       3263   stm32f1xx_hal_gpio.o
        84          8          0          0          0        870   stm32f1xx_hal_msp.o
      2832         10          0          0          0      12676   stm32f1xx_hal_pcd.o
        88          0          0          0          0       1732   stm32f1xx_hal_pcd_ex.o
      2192        122          0          0          0       6184   stm32f1xx_hal_rcc.o
       528         18          0          0          0       1560   stm32f1xx_hal_rcc_ex.o
      1918          6          0          0          0       7486   stm32f1xx_hal_spi.o
      1482         10          0          0          0       9913   stm32f1xx_hal_uart.o
        70         12          0          0          0       4714   stm32f1xx_it.o
      3416        108          0          0          0      20814   stm32f1xx_ll_usb.o
       200         12          0       5612       3112       8671   storagemode.o
        24          0          0          0          0       1519   syscall.o
         2          0         24          4          0       1083   system_stm32f1xx.o
       240         24        942          0          0       1867   unicode.o
       228         28          0          0         64       1698   usart.o
       978         26          0          0       1648      17028   usbd_conf.o
       894          0          0          0          0      12169   usbd_core.o
      2106         28          0          5          0      10720   usbd_ctlreq.o
       382        118          0         82        512       6485   usbd_desc.o
       134          0          0          0          0       3736   usbd_ioreq.o
       740         24          0        166          0       9164   usbd_msc.o
       728         10          0          0          0       7165   usbd_msc_bot.o
         0          0         23          0          0        897   usbd_msc_data.o
      1994         14          0          0          0      13123   usbd_msc_scsi.o

    ----------------------------------------------------------------------
     45062       1748       2360      22984      29812     941440   Object Totals
         0          0         32          0          0          0   (incl. Generated)
        56          0         10         15          1          0   (incl. Padding)

    ----------------------------------------------------------------------

      Code (inc. data)   RO Data    RW Data    ZI Data      Debug   Library Member Name

        90          0          0          0          0          0   __dczerorl2.o
         8          0          0          0          0         68   __main.o
       312          4         17          0          0         92   __printf_flags_wp.o
        14          0          0          0          0         68   __printf_wp.o
         0          0          0          0          0          0   __rtentry.o
        12          0          0          0          0          0   __rtentry2.o
         6          0          0          0          0          0   __rtentry4.o
        52          8          0          0          0          0   __scatter.o
        28          0          0          0          0          0   __scatter_zi.o
        48          6          0          0          0         96   _printf_char_common.o
       120         16          0          0          0         92   _printf_dec.o
         6          0          0          0          0          0   _printf_f.o
      1054          0          0          0          0        216   _printf_fp_dec.o
       128         16          0          0          0         84   _printf_fp_infnan.o
       178          0          0          0          0         88   _printf_intcommon.o
        78          0          0          0          0        108   _printf_pad.o
         0          0          0          0          0          0   _printf_percent.o
         4          0          0          0          0          0   _printf_percent_end.o
         6          0          0          0          0          0   _printf_u.o
        22          0          0          0          0        100   _rserrno.o
        10          0          0          0          0         68   _sputc.o
        16          0          0          0          0         68   aeabi_memset.o
       228          4        148          0          0         96   bigflt0.o
      1936        128          0          0          0        672   btod.o
        10          0          0          0          0         68   defsig_exit.o
        50          0          0          0          0         88   defsig_general.o
        80         58          0          0          0         76   defsig_rtmem_inner.o
        14          0          0          0          0         80   defsig_rtmem_outer.o
        18          0          0          0          0         80   exit.o
        94          0          0          0          0         80   h1_alloc.o
        52          0          0          0          0         68   h1_extend.o
        78          0          0          0          0         80   h1_free.o
        14          0          0          0          0         84   h1_init.o
         6          0          0          0          0        152   heapauxi.o
         4          0          0          0          0        136   hguard.o
         0          0          0          0          0          0   indicate_semi.o
       138          0          0          0          0        168   init_alloc.o
        44         10         28          0          0         76   lc_numeric_c.o
         2          0          0          0          0          0   libinit.o
        26          0          0          0          0          0   libinit2.o
         2          0          0          0          0          0   libshutdown.o
         2          0          0          0          0          0   libshutdown2.o
         8          4          0          0         96         68   libspace.o
       138          0          0          0          0         80   lludiv10.o
       238          0          0          0          0        100   lludivv7m.o
         0          0          0          0          0          0   maybetermalloc1.o
        40          6          0          0          0         84   noretval__2sprintf.o
         8          4          0          0          0         68   rt_errno_addr_intlibspace.o
         8          4          0          0          0         68   rt_heap_descriptor_intlibspace.o
         8          4          0          0          0         68   rt_locale_intlibspace.o
        68          0          0          0          0         68   rt_memclr.o
        78          0          0          0          0         80   rt_memclr_w.o
       138          0          0          0          0         68   rt_memcpy_v6.o
       100          0          0          0          0         80   rt_memcpy_w.o
         2          0          0          0          0          0   rtexit.o
        10          0          0          0          0          0   rtexit2.o
        24          0          0          0          0         68   strcat.o
       128          0          0          0          0         68   strcmpv7m.o
        72          0          0          0          0         80   strcpy.o
        62          0          0          0          0         76   strlen.o
        36          0          0          0          0         76   strncat.o
        86          0          0          0          0         76   strncpy.o
        12          4          0          0          0         68   sys_exit.o
        74          0          0          0          0         80   sys_stackheap_outer.o
        14          0          0          0          0         76   sys_wrch.o
         2          0          0          0          0         68   use_no_semi.o
        98          4          0          0          0         92   d2f.o
       826         16          0          0          0        348   daddsub_clz.o
        16          4          0          0          0         68   dcheck1.o
        24          0          0          0          0         68   dcmpi.o
       688        140          0          0          0        208   ddiv.o
       120          4          0          0          0         92   deqf.o
        94          4          0          0          0         92   dfix.o
        84          0          0          0          0        136   dflt_clz.o
       120          4          0          0          0         92   dleqf.o
       340         12          0          0          0        104   dmul.o
       156          4          0          0          0         92   dnaninf.o
        12          0          0          0          0         68   dretinf.o
       108          0          0          0          0         80   drleqf.o
       460         56          0          0          0        120   dsqrt_noumaal.o
        86          4          0          0          0         84   f2d.o
       430          8          0          0          0        168   faddsub_clz.o
        24          0          0          0          0         68   fcmpi.o
       388         76          0          0          0         96   fdiv.o
       104          4          0          0          0         84   feqf.o
        54          4          0          0          0         84   ffix.o
        62          4          0          0          0         84   ffixu.o
        86          0          0          0          0        136   fflt_clz.o
       104          4          0          0          0         84   fleqf.o
       258          4          0          0          0         84   fmul.o
       140          4          0          0          0         84   fnaninf.o
        10          0          0          0          0         68   fretinf.o
        98          0          0          0          0         68   frleqf.o
         4          0          0          0          0         68   printf1.o
       100          0          0          0          0         68   retnan.o
        92          0          0          0          0         68   scalbn.o
        48          0          0          0          0         68   trapv.o
         0          0          0          0          0          0   usenofp.o
       544         70        152          0          0        124   atan.o
       412         38          0          0          0        144   atan2.o
       156          8          0          0          0        104   cos.o
       252         22         48          0          0        124   cos_i.o
        68         10          0          0          0        408   dunder.o
        40          0          0          0          0         68   fpclassify.o
       170          0          0          0          0         96   poly.o
      2520        190        136          0          0        324   pow.o
         0          0          8          0          0          0   qnan.o
       904         76        200          0          0        140   rred.o
       160         10          0          0          0        108   sin.o
       236         12         40          0          0        128   sin_i.o
        76          0          0          0          0         84   sqrt.o

    ----------------------------------------------------------------------
     17152       1072        778          0        100       9696   Library Totals
        36          0          1          0          4          0   (incl. Padding)

    ----------------------------------------------------------------------

      Code (inc. data)   RO Data    RW Data    ZI Data      Debug   Library Name

      6344        276        193          0         96       4720   c_w.l
      5234        360          0          0          0       3124   fz_ws.l
      5538        436        584          0          0       1852   m_ws.l

    ----------------------------------------------------------------------
     17152       1072        778          0        100       9696   Library Totals

    ----------------------------------------------------------------------

==============================================================================


      Code (inc. data)   RO Data    RW Data    ZI Data      Debug   

     62214       2820       3138      22984      29912     926172   Grand Totals
     62214       2820       3138        660      29912     926172   ELF Image Totals (compressed)
     62214       2820       3138        660          0          0   ROM Totals

==============================================================================

    Total RO  Size (Code + RO Data)                65352 (  63.82kB)
    Total RW  Size (RW Data + ZI Data)             52896 (  51.66kB)
    Total ROM Size (Code + RO Data + RW Data)      66012 (  64.46kB)

==============================================================================

